Archive member included to satisfy reference by file (symbol)

c:/st/stm32cubeide_1.7.0/stm32cubeide/plugins/com.st.stm32cube.ide.mcu.externaltools.gnu-tools-for-stm32.9-2020-q2-update.win32_2.0.0.202105311346/tools/bin/../lib/gcc/arm-none-eabi/9.3.1/../../../../arm-none-eabi/lib/thumb/v7e-m+fp/hard\libc_nano.a(lib_a-errno.o)
                              ./Core/Src/syscalls.o (__errno)
c:/st/stm32cubeide_1.7.0/stm32cubeide/plugins/com.st.stm32cube.ide.mcu.externaltools.gnu-tools-for-stm32.9-2020-q2-update.win32_2.0.0.202105311346/tools/bin/../lib/gcc/arm-none-eabi/9.3.1/../../../../arm-none-eabi/lib/thumb/v7e-m+fp/hard\libc_nano.a(lib_a-exit.o)
                              c:/st/stm32cubeide_1.7.0/stm32cubeide/plugins/com.st.stm32cube.ide.mcu.externaltools.gnu-tools-for-stm32.9-2020-q2-update.win32_2.0.0.202105311346/tools/bin/../lib/gcc/arm-none-eabi/9.3.1/../../../../arm-none-eabi/lib/thumb/v7e-m+fp/hard/crt0.o (exit)
c:/st/stm32cubeide_1.7.0/stm32cubeide/plugins/com.st.stm32cube.ide.mcu.externaltools.gnu-tools-for-stm32.9-2020-q2-update.win32_2.0.0.202105311346/tools/bin/../lib/gcc/arm-none-eabi/9.3.1/../../../../arm-none-eabi/lib/thumb/v7e-m+fp/hard\libc_nano.a(lib_a-impure.o)
                              c:/st/stm32cubeide_1.7.0/stm32cubeide/plugins/com.st.stm32cube.ide.mcu.externaltools.gnu-tools-for-stm32.9-2020-q2-update.win32_2.0.0.202105311346/tools/bin/../lib/gcc/arm-none-eabi/9.3.1/../../../../arm-none-eabi/lib/thumb/v7e-m+fp/hard\libc_nano.a(lib_a-exit.o) (_global_impure_ptr)
c:/st/stm32cubeide_1.7.0/stm32cubeide/plugins/com.st.stm32cube.ide.mcu.externaltools.gnu-tools-for-stm32.9-2020-q2-update.win32_2.0.0.202105311346/tools/bin/../lib/gcc/arm-none-eabi/9.3.1/../../../../arm-none-eabi/lib/thumb/v7e-m+fp/hard\libc_nano.a(lib_a-init.o)
                              c:/st/stm32cubeide_1.7.0/stm32cubeide/plugins/com.st.stm32cube.ide.mcu.externaltools.gnu-tools-for-stm32.9-2020-q2-update.win32_2.0.0.202105311346/tools/bin/../lib/gcc/arm-none-eabi/9.3.1/../../../../arm-none-eabi/lib/thumb/v7e-m+fp/hard/crt0.o (__libc_init_array)
c:/st/stm32cubeide_1.7.0/stm32cubeide/plugins/com.st.stm32cube.ide.mcu.externaltools.gnu-tools-for-stm32.9-2020-q2-update.win32_2.0.0.202105311346/tools/bin/../lib/gcc/arm-none-eabi/9.3.1/../../../../arm-none-eabi/lib/thumb/v7e-m+fp/hard\libc_nano.a(lib_a-memset.o)
                              c:/st/stm32cubeide_1.7.0/stm32cubeide/plugins/com.st.stm32cube.ide.mcu.externaltools.gnu-tools-for-stm32.9-2020-q2-update.win32_2.0.0.202105311346/tools/bin/../lib/gcc/arm-none-eabi/9.3.1/../../../../arm-none-eabi/lib/thumb/v7e-m+fp/hard/crt0.o (memset)
c:/st/stm32cubeide_1.7.0/stm32cubeide/plugins/com.st.stm32cube.ide.mcu.externaltools.gnu-tools-for-stm32.9-2020-q2-update.win32_2.0.0.202105311346/tools/bin/../lib/gcc/arm-none-eabi/9.3.1/../../../../arm-none-eabi/lib/thumb/v7e-m+fp/hard\libc_nano.a(lib_a-rand.o)
                              ./Core/Src/game_display.o (rand)
c:/st/stm32cubeide_1.7.0/stm32cubeide/plugins/com.st.stm32cube.ide.mcu.externaltools.gnu-tools-for-stm32.9-2020-q2-update.win32_2.0.0.202105311346/tools/bin/../lib/gcc/arm-none-eabi/9.3.1/../../../../arm-none-eabi/lib/thumb/v7e-m+fp/hard\libc_nano.a(lib_a-strlen.o)
                              ./Core/Src/lcd.o (strlen)
c:/st/stm32cubeide_1.7.0/stm32cubeide/plugins/com.st.stm32cube.ide.mcu.externaltools.gnu-tools-for-stm32.9-2020-q2-update.win32_2.0.0.202105311346/tools/bin/../lib/gcc/arm-none-eabi/9.3.1/../../../../arm-none-eabi/lib/thumb/v7e-m+fp/hard\libc_nano.a(lib_a-assert.o)
                              c:/st/stm32cubeide_1.7.0/stm32cubeide/plugins/com.st.stm32cube.ide.mcu.externaltools.gnu-tools-for-stm32.9-2020-q2-update.win32_2.0.0.202105311346/tools/bin/../lib/gcc/arm-none-eabi/9.3.1/../../../../arm-none-eabi/lib/thumb/v7e-m+fp/hard\libc_nano.a(lib_a-rand.o) (__assert_func)
c:/st/stm32cubeide_1.7.0/stm32cubeide/plugins/com.st.stm32cube.ide.mcu.externaltools.gnu-tools-for-stm32.9-2020-q2-update.win32_2.0.0.202105311346/tools/bin/../lib/gcc/arm-none-eabi/9.3.1/../../../../arm-none-eabi/lib/thumb/v7e-m+fp/hard\libc_nano.a(lib_a-fprintf.o)
                              c:/st/stm32cubeide_1.7.0/stm32cubeide/plugins/com.st.stm32cube.ide.mcu.externaltools.gnu-tools-for-stm32.9-2020-q2-update.win32_2.0.0.202105311346/tools/bin/../lib/gcc/arm-none-eabi/9.3.1/../../../../arm-none-eabi/lib/thumb/v7e-m+fp/hard\libc_nano.a(lib_a-assert.o) (fiprintf)
c:/st/stm32cubeide_1.7.0/stm32cubeide/plugins/com.st.stm32cube.ide.mcu.externaltools.gnu-tools-for-stm32.9-2020-q2-update.win32_2.0.0.202105311346/tools/bin/../lib/gcc/arm-none-eabi/9.3.1/../../../../arm-none-eabi/lib/thumb/v7e-m+fp/hard\libc_nano.a(lib_a-malloc.o)
                              c:/st/stm32cubeide_1.7.0/stm32cubeide/plugins/com.st.stm32cube.ide.mcu.externaltools.gnu-tools-for-stm32.9-2020-q2-update.win32_2.0.0.202105311346/tools/bin/../lib/gcc/arm-none-eabi/9.3.1/../../../../arm-none-eabi/lib/thumb/v7e-m+fp/hard\libc_nano.a(lib_a-rand.o) (malloc)
[...]
Memory Configuration

Name             Origin             Length             Attributes
CCMRAM           0x0000000010000000 0x0000000000010000 xrw
RAM              0x0000000020000000 0x0000000000020000 xrw
FLASH            0x0000000008000000 0x0000000000100000 xr
*default*        0x0000000000000000 0xffffffffffffffff

Linker script and memory map

LOAD c:/st/stm32cubeide_1.7.0/stm32cubeide/plugins/com.st.stm32cube.ide.mcu.externaltools.gnu-tools-for-stm32.9-2020-q2-update.win32_2.0.0.202105311346/tools/bin/../lib/gcc/arm-none-eabi/9.3.1/thumb/v7e-m+fp/hard/crti.o
LOAD c:/st/stm32cubeide_1.7.0/stm32cubeide/plugins/com.st.stm32cube.ide.mcu.externaltools.gnu-tools-for-stm32.9-2020-q2-update.win32_2.0.0.202105311346/tools/bin/../lib/gcc/arm-none-eabi/9.3.1/thumb/v7e-m+fp/hard/crtbegin.o
LOAD c:/st/stm32cubeide_1.7.0/stm32cubeide/plugins/com.st.stm32cube.ide.mcu.externaltools.gnu-tools-for-stm32.9-2020-q2-update.win32_2.0.0.202105311346/tools/bin/../lib/gcc/arm-none-eabi/9.3.1/../../../../arm-none-eabi/lib/thumb/v7e-m+fp/hard/crt0.o
LOAD ./Core/Src/adc.o
LOAD ./Core/Src/at24c.o
LOAD ./Core/Src/button.o
LOAD ./Core/Src/buzzer.o
LOAD ./Core/Src/dma.o
LOAD ./Core/Src/ds3231.o
LOAD ./Core/Src/fsmc.o
LOAD ./Core/Src/game_control.o
LOAD ./Core/Src/game_display.o
LOAD ./Core/Src/gpio.o
LOAD ./Core/Src/i2c.o
LOAD ./Core/Src/lcd.o
LOAD ./Core/Src/led_7seg.o
LOAD ./Core/Src/main.o
LOAD ./Core/Src/picture.o
LOAD ./Core/Src/sensor.o
LOAD ./Core/Src/software_timer.o
LOAD ./Core/Src/spi.o
LOAD ./Core/Src/stm32f4xx_hal_msp.o
LOAD ./Core/Src/stm32f4xx_it.o
LOAD ./Core/Src/syscalls.o
LOAD ./Core/Src/sysmem.o
LOAD ./Core/Src/system_stm32f4xx.o
LOAD ./Core/Src/tim.o
LOAD ./Core/Src/touch.o
LOAD ./Core/Src/utils.o
LOAD ./Core/Startup/startup_stm32f407zetx.o
LOAD ./Drivers/STM32F4xx_HAL_Driver/Src/stm32f4xx_hal.o
LOAD ./Drivers/STM32F4xx_HAL_Driver/Src/stm32f4xx_hal_adc.o
LOAD ./Drivers/STM32F4xx_HAL_Driver/Src/stm32f4xx_hal_adc_ex.o
LOAD ./Drivers/STM32F4xx_HAL_Driver/Src/stm32f4xx_hal_cortex.o
LOAD ./Drivers/STM32F4xx_HAL_Driver/Src/stm32f4xx_hal_dma.o
LOAD ./Drivers/STM32F4xx_HAL_Driver/Src/stm32f4xx_hal_dma_ex.o
LOAD ./Drivers/STM32F4xx_HAL_Driver/Src/stm32f4xx_hal_exti.o
LOAD ./Drivers/STM32F4xx_HAL_Driver/Src/stm32f4xx_hal_flash.o
LOAD ./Drivers/STM32F4xx_HAL_Driver/Src/stm32f4xx_hal_flash_ex.o
LOAD ./Drivers/STM32F4xx_HAL_Driver/Src/stm32f4xx_hal_flash_ramfunc.o
LOAD ./Drivers/STM32F4xx_HAL_Driver/Src/stm32f4xx_hal_gpio.o
LOAD ./Drivers/STM32F4xx_HAL_Driver/Src/stm32f4xx_hal_i2c.o
LOAD ./Drivers/STM32F4xx_HAL_Driver/Src/stm32f4xx_hal_i2c_ex.o
LOAD ./Drivers/STM32F4xx_HAL_Driver/Src/stm32f4xx_hal_pwr.o
LOAD ./Drivers/STM32F4xx_HAL_Driver/Src/stm32f4xx_hal_pwr_ex.o
LOAD ./Drivers/STM32F4xx_HAL_Driver/Src/stm32f4xx_hal_rcc.o
LOAD ./Drivers/STM32F4xx_HAL_Driver/Src/stm32f4xx_hal_rcc_ex.o
LOAD ./Drivers/STM32F4xx_HAL_Driver/Src/stm32f4xx_hal_spi.o
LOAD ./Drivers/STM32F4xx_HAL_Driver/Src/stm32f4xx_hal_sram.o
LOAD ./Drivers/STM32F4xx_HAL_Driver/Src/stm32f4xx_hal_tim.o
LOAD ./Drivers/STM32F4xx_HAL_Driver/Src/stm32f4xx_hal_tim_ex.o
LOAD ./Drivers/STM32F4xx_HAL_Driver/Src/stm32f4xx_ll_adc.o
LOAD ./Drivers/STM32F4xx_HAL_Driver/Src/stm32f4xx_ll_fsmc.o
START GROUP
LOAD c:/st/stm32cubeide_1.7.0/stm32cubeide/plugins/com.st.stm32cube.ide.mcu.externaltools.gnu-tools-for-stm32.9-2020-q2-update.win32_2.0.0.202105311346/tools/bin/../lib/gcc/arm-none-eabi/9.3.1/../../../../arm-none-eabi/lib/thumb/v7e-m+fp/hard\libc_nano.a
LOAD c:/st/stm32cubeide_1.7.0/stm32cubeide/plugins/com.st.stm32cube.ide.mcu.externaltools.gnu-tools-for-stm32.9-2020-q2-update.win32_2.0.0.202105311346/tools/bin/../lib/gcc/arm-none-eabi/9.3.1/../../../../arm-none-eabi/lib/thumb/v7e-m+fp/hard\libm.a
END GROUP
START GROUP
LOAD c:/st/stm32cubeide_1.7.0/stm32cubeide/plugins/com.st.stm32cube.ide.mcu.externaltools.gnu-tools-for-stm32.9-2020-q2-update.win32_2.0.0.202105311346/tools/bin/../lib/gcc/arm-none-eabi/9.3.1/thumb/v7e-m+fp/hard\libgcc.a
LOAD c:/st/stm32cubeide_1.7.0/stm32cubeide/plugins/com.st.stm32cube.ide.mcu.externaltools.gnu-tools-for-stm32.9-2020-q2-update.win32_2.0.0.202105311346/tools/bin/../lib/gcc/arm-none-eabi/9.3.1/../../../../arm-none-eabi/lib/thumb/v7e-m+fp/hard\libc_nano.a
END GROUP
START GROUP
LOAD c:/st/stm32cubeide_1.7.0/stm32cubeide/plugins/com.st.stm32cube.ide.mcu.externaltools.gnu-tools-for-stm32.9-2020-q2-update.win32_2.0.0.202105311346/tools/bin/../lib/gcc/arm-none-eabi/9.3.1/thumb/v7e-m+fp/hard\libgcc.a
LOAD c:/st/stm32cubeide_1.7.0/stm32cubeide/plugins/com.st.stm32cube.ide.mcu.externaltools.gnu-tools-for-stm32.9-2020-q2-update.win32_2.0.0.202105311346/tools/bin/../lib/gcc/arm-none-eabi/9.3.1/../../../../arm-none-eabi/lib/thumb/v7e-m+fp/hard\libc_nano.a
LOAD c:/st/stm32cubeide_1.7.0/stm32cubeide/plugins/com.st.stm32cube.ide.mcu.externaltools.gnu-tools-for-stm32.9-2020-q2-update.win32_2.0.0.202105311346/tools/bin/../lib/gcc/arm-none-eabi/9.3.1/../../../../arm-none-eabi/lib/thumb/v7e-m+fp/hard\libnosys.a
END GROUP
START GROUP
LOAD c:/st/stm32cubeide_1.7.0/stm32cubeide/plugins/com.st.stm32cube.ide.mcu.externaltools.gnu-tools-for-stm32.9-2020-q2-update.win32_2.0.0.202105311346/tools/bin/../lib/gcc/arm-none-eabi/9.3.1/thumb/v7e-m+fp/hard\libgcc.a
LOAD c:/st/stm32cubeide_1.7.0/stm32cubeide/plugins/com.st.stm32cube.ide.mcu.externaltools.gnu-tools-for-stm32.9-2020-q2-update.win32_2.0.0.202105311346/tools/bin/../lib/gcc/arm-none-eabi/9.3.1/../../../../arm-none-eabi/lib/thumb/v7e-m+fp/hard\libc_nano.a
LOAD c:/st/stm32cubeide_1.7.0/stm32cubeide/plugins/com.st.stm32cube.ide.mcu.externaltools.gnu-tools-for-stm32.9-2020-q2-update.win32_2.0.0.202105311346/tools/bin/../lib/gcc/arm-none-eabi/9.3.1/../../../../arm-none-eabi/lib/thumb/v7e-m+fp/hard\libnosys.a
END GROUP
LOAD c:/st/stm32cubeide_1.7.0/stm32cubeide/plugins/com.st.stm32cube.ide.mcu.externaltools.gnu-tools-for-stm32.9-2020-q2-update.win32_2.0.0.202105311346/tools/bin/../lib/gcc/arm-none-eabi/9.3.1/thumb/v7e-m+fp/hard/crtend.o
LOAD c:/st/stm32cubeide_1.7.0/stm32cubeide/plugins/com.st.stm32cube.ide.mcu.externaltools.gnu-tools-for-stm32.9-2020-q2-update.win32_2.0.0.202105311346/tools/bin/../lib/gcc/arm-none-eabi/9.3.1/thumb/v7e-m+fp/hard/crtn.o
                0x0000000020020000                _estack = (ORIGIN (RAM) + LENGTH (RAM))
                0x0000000000000200                _Min_Heap_Size = 0x200
                0x0000000000000400                _Min_Stack_Size = 0x400

.isr_vector     0x0000000008000000      0x188
                0x0000000008000000                . = ALIGN (0x4)
 *(.isr_vector)
 .isr_vector    0x0000000008000000      0x188 ./Core/Startup/startup_stm32f407zetx.o
                0x0000000008000000                g_pfnVectors
                0x0000000008000188                . = ALIGN (0x4)

.text           0x0000000008000190     0x9504
                0x0000000008000190                . = ALIGN (0x4)
 *(.text)
 .text          0x0000000008000190       0x40 c:/st/stm32cubeide_1.7.0/stm32cubeide/plugins/com.st.stm32cube.ide.mcu.externaltools.gnu-tools-for-stm32.9-2020-q2-update.win32_2.0.0.202105311346/tools/bin/../lib/gcc/arm-none-eabi/9.3.1/thumb/v7e-m+fp/hard/crtbegin.o
 .text          0x00000000080001d0       0xa0 c:/st/stm32cubeide_1.7.0/stm32cubeide/plugins/com.st.stm32cube.ide.mcu.externaltools.gnu-tools-for-stm32.9-2020-q2-update.win32_2.0.0.202105311346/tools/bin/../lib/gcc/arm-none-eabi/9.3.1/../../../../arm-none-eabi/lib/thumb/v7e-m+fp/hard\libc_nano.a(lib_a-memchr.o)
                0x00000000080001d0                memchr
 .text          0x0000000008000270      0x378 c:/st/stm32cubeide_1.7.0/stm32cubeide/plugins/com.st.stm32cube.ide.mcu.externaltools.gnu-tools-for-stm32.9-2020-q2-update.win32_2.0.0.202105311346/tools/bin/../lib/gcc/arm-none-eabi/9.3.1/thumb/v7e-m+fp/hard\libgcc.a(_arm_addsubdf3.o)
                0x0000000008000270                __aeabi_drsub
                0x0000000008000278                __aeabi_dsub
                0x0000000008000278                __subdf3
                0x000000000800027c                __aeabi_dadd
                0x000000000800027c                __adddf3
                0x00000000080004f4                __floatunsidf
                0x00000000080004f4                __aeabi_ui2d
                0x0000000008000514                __floatsidf
                0x0000000008000514                __aeabi_i2d
                0x0000000008000538                __aeabi_f2d
                0x0000000008000538                __extendsfdf2
                0x000000000800057c                __floatundidf
                0x000000000800057c                __aeabi_ul2d
                0x000000000800058c                __floatdidf
                0x000000000800058c                __aeabi_l2d
 .text          0x00000000080005e8      0x424 c:/st/stm32cubeide_1.7.0/stm32cubeide/plugins/com.st.stm32cube.ide.mcu.externaltools.gnu-tools-for-stm32.9-2020-q2-update.win32_2.0.0.202105311346/tools/bin/../lib/gcc/arm-none-eabi/9.3.1/thumb/v7e-m+fp/hard\libgcc.a(_arm_muldivdf3.o)
                0x00000000080005e8                __aeabi_dmul
                0x00000000080005e8                __muldf3
                0x000000000800083c                __divdf3
                0x000000000800083c                __aeabi_ddiv
 .text          0x0000000008000a0c      0x110 c:/st/stm32cubeide_1.7.0/stm32cubeide/plugins/com.st.stm32cube.ide.mcu.externaltools.gnu-tools-for-stm32.9-2020-q2-update.win32_2.0.0.202105311346/tools/bin/../lib/gcc/arm-none-eabi/9.3.1/thumb/v7e-m+fp/hard\libgcc.a(_arm_cmpdf2.o)
                0x0000000008000a0c                __gtdf2
                0x0000000008000a0c                __gedf2
                0x0000000008000a14                __ltdf2
                0x0000000008000a14                __ledf2
                0x0000000008000a1c                __nedf2
                0x0000000008000a1c                __eqdf2
                0x0000000008000a1c                __cmpdf2
                0x0000000008000a98                __aeabi_cdrcmple
                0x0000000008000aa8                __aeabi_cdcmpeq
                0x0000000008000aa8                __aeabi_cdcmple
                0x0000000008000ab8                __aeabi_dcmpeq
                0x0000000008000acc                __aeabi_dcmplt
                0x0000000008000ae0                __aeabi_dcmple
                0x0000000008000af4                __aeabi_dcmpge
                0x0000000008000b08                __aeabi_dcmpgt
 .text          0x0000000008000b1c       0x2c c:/st/stm32cubeide_1.7.0/stm32cubeide/plugins/com.st.stm32cube.ide.mcu.externaltools.gnu-tools-for-stm32.9-2020-q2-update.win32_2.0.0.202105311346/tools/bin/../lib/gcc/arm-none-eabi/9.3.1/thumb/v7e-m+fp/hard\libgcc.a(_arm_unorddf2.o)
                0x0000000008000b1c                __unorddf2
                0x0000000008000b1c                __aeabi_dcmpun
 .text          0x0000000008000b48       0x40 c:/st/stm32cubeide_1.7.0/stm32cubeide/plugins/com.st.stm32cube.ide.mcu.externaltools.gnu-tools-for-stm32.9-2020-q2-update.win32_2.0.0.202105311346/tools/bin/../lib/gcc/arm-none-eabi/9.3.1/thumb/v7e-m+fp/hard\libgcc.a(_arm_fixunsdfsi.o)
                0x0000000008000b48                __aeabi_d2uiz
                0x0000000008000b48                __fixunsdfsi
 .text          0x0000000008000b88       0x30 c:/st/stm32cubeide_1.7.0/stm32cubeide/plugins/com.st.stm32cube.ide.mcu.externaltools.gnu-tools-for-stm32.9-2020-q2-update.win32_2.0.0.202105311346/tools/bin/../lib/gcc/arm-none-eabi/9.3.1/thumb/v7e-m+fp/hard\libgcc.a(_aeabi_uldivmod.o)
                0x0000000008000b88                __aeabi_uldivmod
 .text          0x0000000008000bb8      0x2c4 c:/st/stm32cubeide_1.7.0/stm32cubeide/plugins/com.st.stm32cube.ide.mcu.externaltools.gnu-tools-for-stm32.9-2020-q2-update.win32_2.0.0.202105311346/tools/bin/../lib/gcc/arm-none-eabi/9.3.1/thumb/v7e-m+fp/hard\libgcc.a(_udivmoddi4.o)
                0x0000000008000bb8                __udivmoddi4
 .text          0x0000000008000e7c        0x4 c:/st/stm32cubeide_1.7.0/stm32cubeide/plugins/com.st.stm32cube.ide.mcu.externaltools.gnu-tools-for-stm32.9-2020-q2-update.win32_2.0.0.202105311346/tools/bin/../lib/gcc/arm-none-eabi/9.3.1/thumb/v7e-m+fp/hard\libgcc.a(_dvmd_tls.o)
                0x0000000008000e7c                __aeabi_idiv0
                0x0000000008000e7c                __aeabi_ldiv0
 *(.text*)
 .text.MX_ADC1_Init
                0x0000000008000e80      0x114 ./Core/Src/adc.o
                0x0000000008000e80                MX_ADC1_Init
 .text.HAL_ADC_MspInit
                0x0000000008000f94      0x128 ./Core/Src/adc.o
                0x0000000008000f94                HAL_ADC_MspInit
 .text.at24c_init
                0x00000000080010bc        0xc ./Core/Src/at24c.o
                0x00000000080010bc                at24c_init
 .text.at24c_ReadOneByte
                0x00000000080010c8       0x38 ./Core/Src/at24c.o
                0x00000000080010c8                at24c_ReadOneByte
 .text.at24c_WriteOneByte
                0x0000000008001100       0x3c ./Core/Src/at24c.o
                0x0000000008001100                at24c_WriteOneByte
 .text.at24c_Check
                0x000000000800113c       0x46 ./Core/Src/at24c.o
 .text.at24c_Read
                0x0000000008001182       0x3e ./Core/Src/at24c.o
                0x0000000008001182                at24c_Read
 .text.at24c_Write
                0x00000000080011c0       0x40 ./Core/Src/at24c.o
                0x00000000080011c0                at24c_Write
 .text.button_init
                0x0000000008001200       0x18 ./Core/Src/button.o
                0x0000000008001200                button_init
 .text.MX_DMA_Init
                0x0000000008001218       0x40 ./Core/Src/dma.o
                0x0000000008001218                MX_DMA_Init
 .text.MX_FSMC_Init
                0x0000000008001258       0xf4 ./Core/Src/fsmc.o
                0x0000000008001258                MX_FSMC_Init
 .text.HAL_FSMC_MspInit
                0x000000000800134c       0x98 ./Core/Src/fsmc.o
 .text.HAL_SRAM_MspInit
                0x00000000080013e4       0x14 ./Core/Src/fsmc.o
                0x00000000080013e4                HAL_SRAM_MspInit
 .text.gameFSM  0x00000000080013f8      0x1b0 ./Core/Src/game_control.o
                0x00000000080013f8                gameFSM
 .text.initializeControlButtons
                0x00000000080015a8       0xc4 ./Core/Src/game_control.o
                0x00000000080015a8                initializeControlButtons
 .text.initializeButtons
                0x000000000800166c       0x50 ./Core/Src/game_control.o
                0x000000000800166c                initializeButtons
 .text.isButtonUp
                0x00000000080016bc       0x5c ./Core/Src/game_control.o
                0x00000000080016bc                isButtonUp
 .text.isButtonDown
                0x0000000008001718       0x5c ./Core/Src/game_control.o
                0x0000000008001718                isButtonDown
 .text.isButtonLeft
                0x0000000008001774       0x5c ./Core/Src/game_control.o
                0x0000000008001774                isButtonLeft
 .text.isButtonRight
                0x00000000080017d0       0x5c ./Core/Src/game_control.o
                0x00000000080017d0                isButtonRight
 .text.isStartScreenTouched
                0x000000000800182c       0x46 ./Core/Src/game_control.o
                0x000000000800182c                isStartScreenTouched
 .text.drawCell
                0x0000000008001872       0x6c ./Core/Src/game_display.o
                0x0000000008001872                drawCell
 *fill*         0x00000000080018de        0x2 
 .text.renderScreen
                0x00000000080018e0       0x78 ./Core/Src/game_display.o
                0x00000000080018e0                renderScreen
 .text.generateFruit
                0x0000000008001958       0xa4 ./Core/Src/game_display.o
                0x0000000008001958                generateFruit
 .text.initializeGame
                0x00000000080019fc       0xa4 ./Core/Src/game_display.o
                0x00000000080019fc                initializeGame
 .text.advanceSnakeHead
                0x0000000008001aa0       0x8c ./Core/Src/game_display.o
                0x0000000008001aa0                advanceSnakeHead
 .text.removeSnakeTail
                0x0000000008001b2c       0xb8 ./Core/Src/game_display.o
                0x0000000008001b2c                removeSnakeTail
 .text.handleInput
                0x0000000008001be4       0x94 ./Core/Src/game_display.o
                0x0000000008001be4                handleInput
 .text.displayStartScreen
                0x0000000008001c78       0x3c ./Core/Src/game_display.o
                0x0000000008001c78                displayStartScreen
 .text.MX_GPIO_Init
                0x0000000008001cb4      0x22c ./Core/Src/gpio.o
                0x0000000008001cb4                MX_GPIO_Init
 .text.MX_I2C1_Init
                0x0000000008001ee0       0x5c ./Core/Src/i2c.o
                0x0000000008001ee0                MX_I2C1_Init
 .text.HAL_I2C_MspInit
                0x0000000008001f3c       0x90 ./Core/Src/i2c.o
                0x0000000008001f3c                HAL_I2C_MspInit
 .text.LCD_WR_REG
                0x0000000008001fcc       0x20 ./Core/Src/lcd.o
                0x0000000008001fcc                LCD_WR_REG
 .text.LCD_WR_DATA
                0x0000000008001fec       0x20 ./Core/Src/lcd.o
 .text.LCD_RD_DATA
                0x000000000800200c       0x24 ./Core/Src/lcd.o
 .text.lcd_AddressSet
                0x0000000008002030       0x98 ./Core/Src/lcd.o
                0x0000000008002030                lcd_AddressSet
 .text.lcd_Clear
                0x00000000080020c8       0x64 ./Core/Src/lcd.o
                0x00000000080020c8                lcd_Clear
 .text.lcd_Fill
                0x000000000800212c       0x6c ./Core/Src/lcd.o
                0x000000000800212c                lcd_Fill
 .text.lcd_DrawPoint
                0x0000000008002198       0x2e ./Core/Src/lcd.o
                0x0000000008002198                lcd_DrawPoint
 .text.lcd_DrawLine
                0x00000000080021c6      0x108 ./Core/Src/lcd.o
                0x00000000080021c6                lcd_DrawLine
 *fill*         0x00000000080022ce        0x2 
 .text.lcd_ShowChar
                0x00000000080022d0      0x1a0 ./Core/Src/lcd.o
                0x00000000080022d0                lcd_ShowChar
 .text.mypow    0x0000000008002470       0x38 ./Core/Src/lcd.o
                0x0000000008002470                mypow
 .text.lcd_ShowIntNum
                0x00000000080024a8       0xfc ./Core/Src/lcd.o
                0x00000000080024a8                lcd_ShowIntNum
 .text.lcd_SetDir
                0x00000000080025a4       0x48 ./Core/Src/lcd.o
                0x00000000080025a4                lcd_SetDir
 .text.lcd_init
                0x00000000080025ec      0x2c0 ./Core/Src/lcd.o
                0x00000000080025ec                lcd_init
 .text._draw_circle_8
                0x00000000080028ac      0x116 ./Core/Src/lcd.o
 .text.lcd_DrawCircle
                0x00000000080029c2       0xd8 ./Core/Src/lcd.o
                0x00000000080029c2                lcd_DrawCircle
 *fill*         0x0000000008002a9a        0x2 
 .text.lcd_ShowStr
                0x0000000008002a9c       0xc8 ./Core/Src/lcd.o
                0x0000000008002a9c                lcd_ShowStr
 .text.led7_Scan
                0x0000000008002b64      0x118 ./Core/Src/led_7seg.o
                0x0000000008002b64                led7_Scan
 .text.main     0x0000000008002c7c       0x46 ./Core/Src/main.o
                0x0000000008002c7c                main
 *fill*         0x0000000008002cc2        0x2 
 .text.SystemClock_Config
                0x0000000008002cc4       0xd4 ./Core/Src/main.o
                0x0000000008002cc4                SystemClock_Config
 .text.system_init
                0x0000000008002d98       0x18 ./Core/Src/main.o
                0x0000000008002d98                system_init
 .text.Error_Handler
                0x0000000008002db0        0xa ./Core/Src/main.o
                0x0000000008002db0                Error_Handler
 *fill*         0x0000000008002dba        0x2 
 .text.timer_init
                0x0000000008002dbc       0x1c ./Core/Src/software_timer.o
                0x0000000008002dbc                timer_init
 .text.setTimer_snake
                0x0000000008002dd8       0x30 ./Core/Src/software_timer.o
                0x0000000008002dd8                setTimer_snake
 .text.setTimer_button
                0x0000000008002e08       0x30 ./Core/Src/software_timer.o
                0x0000000008002e08                setTimer_button
 .text.HAL_TIM_PeriodElapsedCallback
                0x0000000008002e38       0xa4 ./Core/Src/software_timer.o
                0x0000000008002e38                HAL_TIM_PeriodElapsedCallback
 .text.delay_us
                0x0000000008002edc       0x34 ./Core/Src/software_timer.o
                0x0000000008002edc                delay_us
 .text.MX_SPI1_Init
                0x0000000008002f10       0x6c ./Core/Src/spi.o
                0x0000000008002f10                MX_SPI1_Init
 .text.HAL_SPI_MspInit
                0x0000000008002f7c       0x90 ./Core/Src/spi.o
                0x0000000008002f7c                HAL_SPI_MspInit
 .text.HAL_MspInit
                0x000000000800300c       0x50 ./Core/Src/stm32f4xx_hal_msp.o
                0x000000000800300c                HAL_MspInit
 .text.NMI_Handler
                0x000000000800305c        0x6 ./Core/Src/stm32f4xx_it.o
                0x000000000800305c                NMI_Handler
 .text.HardFault_Handler
                0x0000000008003062        0x6 ./Core/Src/stm32f4xx_it.o
                0x0000000008003062                HardFault_Handler
 .text.MemManage_Handler
                0x0000000008003068        0x6 ./Core/Src/stm32f4xx_it.o
                0x0000000008003068                MemManage_Handler
 .text.BusFault_Handler
                0x000000000800306e        0x6 ./Core/Src/stm32f4xx_it.o
                0x000000000800306e                BusFault_Handler
 .text.UsageFault_Handler
                0x0000000008003074        0x6 ./Core/Src/stm32f4xx_it.o
                0x0000000008003074                UsageFault_Handler
 .text.SVC_Handler
                0x000000000800307a        0xe ./Core/Src/stm32f4xx_it.o
                0x000000000800307a                SVC_Handler
 .text.DebugMon_Handler
                0x0000000008003088        0xe ./Core/Src/stm32f4xx_it.o
                0x0000000008003088                DebugMon_Handler
 .text.PendSV_Handler
                0x0000000008003096        0xe ./Core/Src/stm32f4xx_it.o
                0x0000000008003096                PendSV_Handler
 .text.SysTick_Handler
                0x00000000080030a4        0xc ./Core/Src/stm32f4xx_it.o
                0x00000000080030a4                SysTick_Handler
 .text.TIM2_IRQHandler
                0x00000000080030b0       0x14 ./Core/Src/stm32f4xx_it.o
                0x00000000080030b0                TIM2_IRQHandler
 .text.DMA2_Stream0_IRQHandler
                0x00000000080030c4       0x14 ./Core/Src/stm32f4xx_it.o
                0x00000000080030c4                DMA2_Stream0_IRQHandler
 .text._getpid  0x00000000080030d8       0x10 ./Core/Src/syscalls.o
                0x00000000080030d8                _getpid
 .text._kill    0x00000000080030e8       0x20 ./Core/Src/syscalls.o
                0x00000000080030e8                _kill
 .text._exit    0x0000000008003108       0x14 ./Core/Src/syscalls.o
                0x0000000008003108                _exit
 .text._read    0x000000000800311c       0x3a ./Core/Src/syscalls.o
                0x000000000800311c                _read
 .text._write   0x0000000008003156       0x38 ./Core/Src/syscalls.o
                0x0000000008003156                _write
 .text._close   0x000000000800318e       0x18 ./Core/Src/syscalls.o
                0x000000000800318e                _close
 .text._fstat   0x00000000080031a6       0x20 ./Core/Src/syscalls.o
                0x00000000080031a6                _fstat
 .text._isatty  0x00000000080031c6       0x16 ./Core/Src/syscalls.o
                0x00000000080031c6                _isatty
 .text._lseek   0x00000000080031dc       0x1a ./Core/Src/syscalls.o
                0x00000000080031dc                _lseek
 *fill*         0x00000000080031f6        0x2 
 .text._sbrk    0x00000000080031f8       0x6c ./Core/Src/sysmem.o
                0x00000000080031f8                _sbrk
 .text.SystemInit
                0x0000000008003264       0x24 ./Core/Src/system_stm32f4xx.o
                0x0000000008003264                SystemInit
 .text.MX_TIM1_Init
                0x0000000008003288       0xa0 ./Core/Src/tim.o
                0x0000000008003288                MX_TIM1_Init
 .text.MX_TIM2_Init
                0x0000000008003328       0x98 ./Core/Src/tim.o
                0x0000000008003328                MX_TIM2_Init
 .text.MX_TIM13_Init
                0x00000000080033c0       0x9c ./Core/Src/tim.o
                0x00000000080033c0                MX_TIM13_Init
 .text.HAL_TIM_Base_MspInit
                0x000000000800345c       0xa4 ./Core/Src/tim.o
                0x000000000800345c                HAL_TIM_Base_MspInit
 .text.HAL_TIM_MspPostInit
                0x0000000008003500       0x74 ./Core/Src/tim.o
                0x0000000008003500                HAL_TIM_MspPostInit
 .text.TP_Write_Byte
                0x0000000008003574       0x78 ./Core/Src/touch.o
 .text.TP_Read_AD
                0x00000000080035ec       0xe0 ./Core/Src/touch.o
 .text.TP_Read_XOY
                0x00000000080036cc      0x104 ./Core/Src/touch.o
 .text.TP_Read_XY
                0x00000000080037d0       0x44 ./Core/Src/touch.o
 .text.TP_Read_XY2
                0x0000000008003814       0xc4 ./Core/Src/touch.o
 .text.TP_Drow_Touch_Point
                0x00000000080038d8       0xae ./Core/Src/touch.o
 *fill*         0x0000000008003986        0x2 
 .text.TP_Scan  0x0000000008003988      0x12c ./Core/Src/touch.o
 .text.TP_Save_Adjdata
                0x0000000008003ab4       0x20 ./Core/Src/touch.o
 .text.TP_Get_Adjdata
                0x0000000008003ad4       0x38 ./Core/Src/touch.o
 *fill*         0x0000000008003b0c        0x4 
 .text.touch_Adjust
                0x0000000008003b10      0x7ac ./Core/Src/touch.o
                0x0000000008003b10                touch_Adjust
 .text.touch_init
                0x00000000080042bc       0x20 ./Core/Src/touch.o
                0x00000000080042bc                touch_init
 .text.touch_Scan
                0x00000000080042dc       0x14 ./Core/Src/touch.o
                0x00000000080042dc                touch_Scan
 .text.touch_IsTouched
                0x00000000080042f0       0x24 ./Core/Src/touch.o
                0x00000000080042f0                touch_IsTouched
 .text.touch_GetX
                0x0000000008004314       0x18 ./Core/Src/touch.o
                0x0000000008004314                touch_GetX
 .text.touch_GetY
                0x000000000800432c       0x18 ./Core/Src/touch.o
                0x000000000800432c                touch_GetY
 .text.Reset_Handler
                0x0000000008004344       0x50 ./Core/Startup/startup_stm32f407zetx.o
                0x0000000008004344                Reset_Handler
 .text.Default_Handler
                0x0000000008004394        0x2 ./Core/Startup/startup_stm32f407zetx.o
                0x0000000008004394                RTC_Alarm_IRQHandler
                0x0000000008004394                HASH_RNG_IRQHandler
                0x0000000008004394                EXTI2_IRQHandler
                0x0000000008004394                TIM8_CC_IRQHandler
                0x0000000008004394                TIM1_CC_IRQHandler
                0x0000000008004394                DMA2_Stream5_IRQHandler
                0x0000000008004394                DMA1_Stream5_IRQHandler
                0x0000000008004394                PVD_IRQHandler
                0x0000000008004394                SDIO_IRQHandler
                0x0000000008004394                TAMP_STAMP_IRQHandler
                0x0000000008004394                CAN2_RX1_IRQHandler
                0x0000000008004394                EXTI3_IRQHandler
                0x0000000008004394                TIM8_TRG_COM_TIM14_IRQHandler
                0x0000000008004394                TIM1_UP_TIM10_IRQHandler
                0x0000000008004394                TIM8_UP_TIM13_IRQHandler
                0x0000000008004394                I2C3_ER_IRQHandler
                0x0000000008004394                EXTI0_IRQHandler
                0x0000000008004394                I2C2_EV_IRQHandler
                0x0000000008004394                DMA1_Stream2_IRQHandler
                0x0000000008004394                CAN1_RX0_IRQHandler
                0x0000000008004394                FPU_IRQHandler
                0x0000000008004394                OTG_HS_WKUP_IRQHandler
                0x0000000008004394                CAN2_SCE_IRQHandler
                0x0000000008004394                DMA2_Stream2_IRQHandler
                0x0000000008004394                SPI1_IRQHandler
                0x0000000008004394                TIM6_DAC_IRQHandler
                0x0000000008004394                TIM1_BRK_TIM9_IRQHandler
                0x0000000008004394                DCMI_IRQHandler
                0x0000000008004394                CAN2_RX0_IRQHandler
                0x0000000008004394                DMA2_Stream3_IRQHandler
                0x0000000008004394                USART6_IRQHandler
                0x0000000008004394                USART3_IRQHandler
                0x0000000008004394                CAN1_RX1_IRQHandler
                0x0000000008004394                UART5_IRQHandler
                0x0000000008004394                TIM4_IRQHandler
                0x0000000008004394                I2C1_EV_IRQHandler
                0x0000000008004394                DMA1_Stream6_IRQHandler
                0x0000000008004394                DMA1_Stream1_IRQHandler
                0x0000000008004394                UART4_IRQHandler
                0x0000000008004394                TIM3_IRQHandler
                0x0000000008004394                RCC_IRQHandler
                0x0000000008004394                TIM8_BRK_TIM12_IRQHandler
                0x0000000008004394                Default_Handler
                0x0000000008004394                EXTI15_10_IRQHandler
                0x0000000008004394                ADC_IRQHandler
                0x0000000008004394                DMA1_Stream7_IRQHandler
                0x0000000008004394                TIM7_IRQHandler
                0x0000000008004394                CAN2_TX_IRQHandler
                0x0000000008004394                TIM5_IRQHandler
                0x0000000008004394                DMA2_Stream7_IRQHandler
                0x0000000008004394                I2C3_EV_IRQHandler
                0x0000000008004394                EXTI9_5_IRQHandler
                0x0000000008004394                RTC_WKUP_IRQHandler
                0x0000000008004394                ETH_WKUP_IRQHandler
                0x0000000008004394                SPI2_IRQHandler
                0x0000000008004394                OTG_HS_EP1_IN_IRQHandler
                0x0000000008004394                DMA1_Stream0_IRQHandler
                0x0000000008004394                CAN1_TX_IRQHandler
                0x0000000008004394                EXTI4_IRQHandler
                0x0000000008004394                FSMC_IRQHandler
                0x0000000008004394                ETH_IRQHandler
                0x0000000008004394                OTG_HS_EP1_OUT_IRQHandler
                0x0000000008004394                WWDG_IRQHandler
                0x0000000008004394                OTG_FS_WKUP_IRQHandler
                0x0000000008004394                TIM1_TRG_COM_TIM11_IRQHandler
                0x0000000008004394                OTG_HS_IRQHandler
                0x0000000008004394                EXTI1_IRQHandler
                0x0000000008004394                USART2_IRQHandler
                0x0000000008004394                I2C2_ER_IRQHandler
                0x0000000008004394                DMA2_Stream1_IRQHandler
                0x0000000008004394                CAN1_SCE_IRQHandler
                0x0000000008004394                FLASH_IRQHandler
                0x0000000008004394                DMA2_Stream4_IRQHandler
                0x0000000008004394                USART1_IRQHandler
                0x0000000008004394                OTG_FS_IRQHandler
                0x0000000008004394                SPI3_IRQHandler
                0x0000000008004394                DMA1_Stream4_IRQHandler
                0x0000000008004394                I2C1_ER_IRQHandler
                0x0000000008004394                DMA2_Stream6_IRQHandler
                0x0000000008004394                DMA1_Stream3_IRQHandler
 *fill*         0x0000000008004396        0x2 
 .text.HAL_Init
                0x0000000008004398       0x44 ./Drivers/STM32F4xx_HAL_Driver/Src/stm32f4xx_hal.o
                0x0000000008004398                HAL_Init
 .text.HAL_InitTick
                0x00000000080043dc       0x60 ./Drivers/STM32F4xx_HAL_Driver/Src/stm32f4xx_hal.o
                0x00000000080043dc                HAL_InitTick
 .text.HAL_IncTick
                0x000000000800443c       0x28 ./Drivers/STM32F4xx_HAL_Driver/Src/stm32f4xx_hal.o
                0x000000000800443c                HAL_IncTick
 .text.HAL_GetTick
                0x0000000008004464       0x18 ./Drivers/STM32F4xx_HAL_Driver/Src/stm32f4xx_hal.o
                0x0000000008004464                HAL_GetTick
 .text.HAL_Delay
                0x000000000800447c       0x48 ./Drivers/STM32F4xx_HAL_Driver/Src/stm32f4xx_hal.o
                0x000000000800447c                HAL_Delay
 .text.HAL_ADC_Init
                0x00000000080044c4       0x86 ./Drivers/STM32F4xx_HAL_Driver/Src/stm32f4xx_hal_adc.o
                0x00000000080044c4                HAL_ADC_Init
 *fill*         0x000000000800454a        0x2 
 .text.HAL_ADC_ConfigChannel
                0x000000000800454c      0x244 ./Drivers/STM32F4xx_HAL_Driver/Src/stm32f4xx_hal_adc.o
                0x000000000800454c                HAL_ADC_ConfigChannel
 .text.ADC_Init
                0x0000000008004790      0x1f8 ./Drivers/STM32F4xx_HAL_Driver/Src/stm32f4xx_hal_adc.o
 .text.__NVIC_SetPriorityGrouping
                0x0000000008004988       0x48 ./Drivers/STM32F4xx_HAL_Driver/Src/stm32f4xx_hal_cortex.o
 .text.__NVIC_GetPriorityGrouping
                0x00000000080049d0       0x1c ./Drivers/STM32F4xx_HAL_Driver/Src/stm32f4xx_hal_cortex.o
 .text.__NVIC_EnableIRQ
                0x00000000080049ec       0x3c ./Drivers/STM32F4xx_HAL_Driver/Src/stm32f4xx_hal_cortex.o
 .text.__NVIC_SetPriority
                0x0000000008004a28       0x54 ./Drivers/STM32F4xx_HAL_Driver/Src/stm32f4xx_hal_cortex.o
 .text.NVIC_EncodePriority
                0x0000000008004a7c       0x66 ./Drivers/STM32F4xx_HAL_Driver/Src/stm32f4xx_hal_cortex.o
 *fill*         0x0000000008004ae2        0x2 
 .text.SysTick_Config
                0x0000000008004ae4       0x44 ./Drivers/STM32F4xx_HAL_Driver/Src/stm32f4xx_hal_cortex.o
 .text.HAL_NVIC_SetPriorityGrouping
                0x0000000008004b28       0x16 ./Drivers/STM32F4xx_HAL_Driver/Src/stm32f4xx_hal_cortex.o
                0x0000000008004b28                HAL_NVIC_SetPriorityGrouping
 .text.HAL_NVIC_SetPriority
                0x0000000008004b3e       0x38 ./Drivers/STM32F4xx_HAL_Driver/Src/stm32f4xx_hal_cortex.o
                0x0000000008004b3e                HAL_NVIC_SetPriority
 .text.HAL_NVIC_EnableIRQ
                0x0000000008004b76       0x1c ./Drivers/STM32F4xx_HAL_Driver/Src/stm32f4xx_hal_cortex.o
                0x0000000008004b76                HAL_NVIC_EnableIRQ
 .text.HAL_SYSTICK_Config
                0x0000000008004b92       0x18 ./Drivers/STM32F4xx_HAL_Driver/Src/stm32f4xx_hal_cortex.o
                0x0000000008004b92                HAL_SYSTICK_Config
 *fill*         0x0000000008004baa        0x2 
 .text.HAL_DMA_Init
                0x0000000008004bac      0x15c ./Drivers/STM32F4xx_HAL_Driver/Src/stm32f4xx_hal_dma.o
                0x0000000008004bac                HAL_DMA_Init
 .text.HAL_DMA_IRQHandler
                0x0000000008004d08      0x314 ./Drivers/STM32F4xx_HAL_Driver/Src/stm32f4xx_hal_dma.o
                0x0000000008004d08                HAL_DMA_IRQHandler
 .text.DMA_CalcBaseAndBitshift
                0x000000000800501c       0x6c ./Drivers/STM32F4xx_HAL_Driver/Src/stm32f4xx_hal_dma.o
 .text.DMA_CheckFifoParam
                0x0000000008005088       0xf8 ./Drivers/STM32F4xx_HAL_Driver/Src/stm32f4xx_hal_dma.o
 .text.HAL_GPIO_Init
                0x0000000008005180      0x338 ./Drivers/STM32F4xx_HAL_Driver/Src/stm32f4xx_hal_gpio.o
                0x0000000008005180                HAL_GPIO_Init
 .text.HAL_GPIO_ReadPin
                0x00000000080054b8       0x30 ./Drivers/STM32F4xx_HAL_Driver/Src/stm32f4xx_hal_gpio.o
                0x00000000080054b8                HAL_GPIO_ReadPin
 .text.HAL_GPIO_WritePin
                0x00000000080054e8       0x32 ./Drivers/STM32F4xx_HAL_Driver/Src/stm32f4xx_hal_gpio.o
                0x00000000080054e8                HAL_GPIO_WritePin
 .text.HAL_GPIO_TogglePin
                0x000000000800551a       0x34 ./Drivers/STM32F4xx_HAL_Driver/Src/stm32f4xx_hal_gpio.o
                0x000000000800551a                HAL_GPIO_TogglePin
 *fill*         0x000000000800554e        0x2 
 .text.HAL_I2C_Init
                0x0000000008005550      0x288 ./Drivers/STM32F4xx_HAL_Driver/Src/stm32f4xx_hal_i2c.o
                0x0000000008005550                HAL_I2C_Init
 .text.HAL_I2C_Mem_Write
                0x00000000080057d8      0x1f4 ./Drivers/STM32F4xx_HAL_Driver/Src/stm32f4xx_hal_i2c.o
                0x00000000080057d8                HAL_I2C_Mem_Write
 .text.HAL_I2C_Mem_Read
                0x00000000080059cc      0x44c ./Drivers/STM32F4xx_HAL_Driver/Src/stm32f4xx_hal_i2c.o
                0x00000000080059cc                HAL_I2C_Mem_Read
 .text.I2C_RequestMemoryWrite
                0x0000000008005e18      0x12c ./Drivers/STM32F4xx_HAL_Driver/Src/stm32f4xx_hal_i2c.o
 .text.I2C_RequestMemoryRead
                0x0000000008005f44      0x1d0 ./Drivers/STM32F4xx_HAL_Driver/Src/stm32f4xx_hal_i2c.o
 .text.I2C_WaitOnFlagUntilTimeout
                0x0000000008006114       0xae ./Drivers/STM32F4xx_HAL_Driver/Src/stm32f4xx_hal_i2c.o
 .text.I2C_WaitOnMasterAddressFlagUntilTimeout
                0x00000000080061c2       0xfe ./Drivers/STM32F4xx_HAL_Driver/Src/stm32f4xx_hal_i2c.o
 .text.I2C_WaitOnTXEFlagUntilTimeout
                0x00000000080062c0       0x82 ./Drivers/STM32F4xx_HAL_Driver/Src/stm32f4xx_hal_i2c.o
 .text.I2C_WaitOnBTFFlagUntilTimeout
                0x0000000008006342       0x82 ./Drivers/STM32F4xx_HAL_Driver/Src/stm32f4xx_hal_i2c.o
 .text.I2C_WaitOnRXNEFlagUntilTimeout
                0x00000000080063c4       0xac ./Drivers/STM32F4xx_HAL_Driver/Src/stm32f4xx_hal_i2c.o
 .text.I2C_IsAcknowledgeFailed
                0x0000000008006470       0x5e ./Drivers/STM32F4xx_HAL_Driver/Src/stm32f4xx_hal_i2c.o
 *fill*         0x00000000080064ce        0x2 
 .text.HAL_RCC_OscConfig
                0x00000000080064d0      0x4f0 ./Drivers/STM32F4xx_HAL_Driver/Src/stm32f4xx_hal_rcc.o
                0x00000000080064d0                HAL_RCC_OscConfig
 .text.HAL_RCC_ClockConfig
                0x00000000080069c0      0x1cc ./Drivers/STM32F4xx_HAL_Driver/Src/stm32f4xx_hal_rcc.o
                0x00000000080069c0                HAL_RCC_ClockConfig
 .text.HAL_RCC_GetSysClockFreq
                0x0000000008006b8c      0x1c4 ./Drivers/STM32F4xx_HAL_Driver/Src/stm32f4xx_hal_rcc.o
                0x0000000008006b8c                HAL_RCC_GetSysClockFreq
 .text.HAL_RCC_GetHCLKFreq
                0x0000000008006d50       0x18 ./Drivers/STM32F4xx_HAL_Driver/Src/stm32f4xx_hal_rcc.o
                0x0000000008006d50                HAL_RCC_GetHCLKFreq
 .text.HAL_RCC_GetPCLK1Freq
                0x0000000008006d68       0x28 ./Drivers/STM32F4xx_HAL_Driver/Src/stm32f4xx_hal_rcc.o
                0x0000000008006d68                HAL_RCC_GetPCLK1Freq
 .text.HAL_SPI_Init
                0x0000000008006d90      0x112 ./Drivers/STM32F4xx_HAL_Driver/Src/stm32f4xx_hal_spi.o
                0x0000000008006d90                HAL_SPI_Init
 .text.HAL_SPI_Transmit
                0x0000000008006ea2      0x278 ./Drivers/STM32F4xx_HAL_Driver/Src/stm32f4xx_hal_spi.o
                0x0000000008006ea2                HAL_SPI_Transmit
 *fill*         0x000000000800711a        0x2 
 .text.SPI_WaitFlagStateUntilTimeout
                0x000000000800711c      0x110 ./Drivers/STM32F4xx_HAL_Driver/Src/stm32f4xx_hal_spi.o
 .text.SPI_EndRxTxTransaction
                0x000000000800722c       0x84 ./Drivers/STM32F4xx_HAL_Driver/Src/stm32f4xx_hal_spi.o
 .text.HAL_SRAM_Init
                0x00000000080072b0       0x88 ./Drivers/STM32F4xx_HAL_Driver/Src/stm32f4xx_hal_sram.o
                0x00000000080072b0                HAL_SRAM_Init
 .text.HAL_TIM_Base_Init
                0x0000000008007338       0x9e ./Drivers/STM32F4xx_HAL_Driver/Src/stm32f4xx_hal_tim.o
                0x0000000008007338                HAL_TIM_Base_Init
 *fill*         0x00000000080073d6        0x2 
 .text.HAL_TIM_Base_Start
                0x00000000080073d8       0xd0 ./Drivers/STM32F4xx_HAL_Driver/Src/stm32f4xx_hal_tim.o
                0x00000000080073d8                HAL_TIM_Base_Start
 .text.HAL_TIM_Base_Start_IT
                0x00000000080074a8       0xe0 ./Drivers/STM32F4xx_HAL_Driver/Src/stm32f4xx_hal_tim.o
                0x00000000080074a8                HAL_TIM_Base_Start_IT
 .text.HAL_TIM_PWM_Init
                0x0000000008007588       0x9e ./Drivers/STM32F4xx_HAL_Driver/Src/stm32f4xx_hal_tim.o
                0x0000000008007588                HAL_TIM_PWM_Init
 .text.HAL_TIM_PWM_MspInit
                0x0000000008007626       0x14 ./Drivers/STM32F4xx_HAL_Driver/Src/stm32f4xx_hal_tim.o
                0x0000000008007626                HAL_TIM_PWM_MspInit
 .text.HAL_TIM_IRQHandler
                0x000000000800763a      0x210 ./Drivers/STM32F4xx_HAL_Driver/Src/stm32f4xx_hal_tim.o
                0x000000000800763a                HAL_TIM_IRQHandler
 *fill*         0x000000000800784a        0x2 
 .text.HAL_TIM_PWM_ConfigChannel
                0x000000000800784c      0x184 ./Drivers/STM32F4xx_HAL_Driver/Src/stm32f4xx_hal_tim.o
                0x000000000800784c                HAL_TIM_PWM_ConfigChannel
 .text.HAL_TIM_ConfigClockSource
                0x00000000080079d0      0x18e ./Drivers/STM32F4xx_HAL_Driver/Src/stm32f4xx_hal_tim.o
                0x00000000080079d0                HAL_TIM_ConfigClockSource
 .text.HAL_TIM_OC_DelayElapsedCallback
                0x0000000008007b5e       0x14 ./Drivers/STM32F4xx_HAL_Driver/Src/stm32f4xx_hal_tim.o
                0x0000000008007b5e                HAL_TIM_OC_DelayElapsedCallback
 .text.HAL_TIM_IC_CaptureCallback
                0x0000000008007b72       0x14 ./Drivers/STM32F4xx_HAL_Driver/Src/stm32f4xx_hal_tim.o
                0x0000000008007b72                HAL_TIM_IC_CaptureCallback
 .text.HAL_TIM_PWM_PulseFinishedCallback
                0x0000000008007b86       0x14 ./Drivers/STM32F4xx_HAL_Driver/Src/stm32f4xx_hal_tim.o
                0x0000000008007b86                HAL_TIM_PWM_PulseFinishedCallback
 .text.HAL_TIM_TriggerCallback
                0x0000000008007b9a       0x14 ./Drivers/STM32F4xx_HAL_Driver/Src/stm32f4xx_hal_tim.o
                0x0000000008007b9a                HAL_TIM_TriggerCallback
 *fill*         0x0000000008007bae        0x2 
 .text.TIM_Base_SetConfig
                0x0000000008007bb0      0x140 ./Drivers/STM32F4xx_HAL_Driver/Src/stm32f4xx_hal_tim.o
                0x0000000008007bb0                TIM_Base_SetConfig
 .text.TIM_OC1_SetConfig
                0x0000000008007cf0       0xe0 ./Drivers/STM32F4xx_HAL_Driver/Src/stm32f4xx_hal_tim.o
 .text.TIM_OC2_SetConfig
                0x0000000008007dd0       0xec ./Drivers/STM32F4xx_HAL_Driver/Src/stm32f4xx_hal_tim.o
                0x0000000008007dd0                TIM_OC2_SetConfig
 .text.TIM_OC3_SetConfig
                0x0000000008007ebc       0xe8 ./Drivers/STM32F4xx_HAL_Driver/Src/stm32f4xx_hal_tim.o
 .text.TIM_OC4_SetConfig
                0x0000000008007fa4       0xac ./Drivers/STM32F4xx_HAL_Driver/Src/stm32f4xx_hal_tim.o
 .text.TIM_TI1_ConfigInputStage
                0x0000000008008050       0x5e ./Drivers/STM32F4xx_HAL_Driver/Src/stm32f4xx_hal_tim.o
 .text.TIM_TI2_ConfigInputStage
                0x00000000080080ae       0x60 ./Drivers/STM32F4xx_HAL_Driver/Src/stm32f4xx_hal_tim.o
 .text.TIM_ITRx_SetConfig
                0x000000000800810e       0x36 ./Drivers/STM32F4xx_HAL_Driver/Src/stm32f4xx_hal_tim.o
 .text.TIM_ETR_SetConfig
                0x0000000008008144       0x40 ./Drivers/STM32F4xx_HAL_Driver/Src/stm32f4xx_hal_tim.o
                0x0000000008008144                TIM_ETR_SetConfig
 .text.HAL_TIMEx_MasterConfigSynchronization
                0x0000000008008184       0xf8 ./Drivers/STM32F4xx_HAL_Driver/Src/stm32f4xx_hal_tim_ex.o
                0x0000000008008184                HAL_TIMEx_MasterConfigSynchronization
 .text.HAL_TIMEx_CommutCallback
                0x000000000800827c       0x14 ./Drivers/STM32F4xx_HAL_Driver/Src/stm32f4xx_hal_tim_ex.o
                0x000000000800827c                HAL_TIMEx_CommutCallback
 .text.HAL_TIMEx_BreakCallback
                0x0000000008008290       0x14 ./Drivers/STM32F4xx_HAL_Driver/Src/stm32f4xx_hal_tim_ex.o
                0x0000000008008290                HAL_TIMEx_BreakCallback
 .text.FSMC_NORSRAM_Init
                0x00000000080082a4       0xa4 ./Drivers/STM32F4xx_HAL_Driver/Src/stm32f4xx_ll_fsmc.o
                0x00000000080082a4                FSMC_NORSRAM_Init
 .text.FSMC_NORSRAM_Timing_Init
                0x0000000008008348       0x7a ./Drivers/STM32F4xx_HAL_Driver/Src/stm32f4xx_ll_fsmc.o
                0x0000000008008348                FSMC_NORSRAM_Timing_Init
 *fill*         0x00000000080083c2        0x2 
 .text.FSMC_NORSRAM_Extended_Timing_Init
                0x00000000080083c4       0x80 ./Drivers/STM32F4xx_HAL_Driver/Src/stm32f4xx_ll_fsmc.o
                0x00000000080083c4                FSMC_NORSRAM_Extended_Timing_Init
 .text.__errno  0x0000000008008444        0xc c:/st/stm32cubeide_1.7.0/stm32cubeide/plugins/com.st.stm32cube.ide.mcu.externaltools.gnu-tools-for-stm32.9-2020-q2-update.win32_2.0.0.202105311346/tools/bin/../lib/gcc/arm-none-eabi/9.3.1/../../../../arm-none-eabi/lib/thumb/v7e-m+fp/hard\libc_nano.a(lib_a-errno.o)
                0x0000000008008444                __errno
 .text.__libc_init_array
                0x0000000008008450       0x48 c:/st/stm32cubeide_1.7.0/stm32cubeide/plugins/com.st.stm32cube.ide.mcu.externaltools.gnu-tools-for-stm32.9-2020-q2-update.win32_2.0.0.202105311346/tools/bin/../lib/gcc/arm-none-eabi/9.3.1/../../../../arm-none-eabi/lib/thumb/v7e-m+fp/hard\libc_nano.a(lib_a-init.o)
                0x0000000008008450                __libc_init_array
 .text.memset   0x0000000008008498       0x10 c:/st/stm32cubeide_1.7.0/stm32cubeide/plugins/com.st.stm32cube.ide.mcu.externaltools.gnu-tools-for-stm32.9-2020-q2-update.win32_2.0.0.202105311346/tools/bin/../lib/gcc/arm-none-eabi/9.3.1/../../../../arm-none-eabi/lib/thumb/v7e-m+fp/hard\libc_nano.a(lib_a-memset.o)
                0x0000000008008498                memset
 .text.rand     0x00000000080084a8       0x80 c:/st/stm32cubeide_1.7.0/stm32cubeide/plugins/com.st.stm32cube.ide.mcu.externaltools.gnu-tools-for-stm32.9-2020-q2-update.win32_2.0.0.202105311346/tools/bin/../lib/gcc/arm-none-eabi/9.3.1/../../../../arm-none-eabi/lib/thumb/v7e-m+fp/hard\libc_nano.a(lib_a-rand.o)
                0x00000000080084a8                rand
 .text.__assert_func
                0x0000000008008528       0x3c c:/st/stm32cubeide_1.7.0/stm32cubeide/plugins/com.st.stm32cube.ide.mcu.externaltools.gnu-tools-for-stm32.9-2020-q2-update.win32_2.0.0.202105311346/tools/bin/../lib/gcc/arm-none-eabi/9.3.1/../../../../arm-none-eabi/lib/thumb/v7e-m+fp/hard\libc_nano.a(lib_a-assert.o)
                0x0000000008008528                __assert_func
 .text.fprintf  0x0000000008008564       0x24 c:/st/stm32cubeide_1.7.0/stm32cubeide/plugins/com.st.stm32cube.ide.mcu.externaltools.gnu-tools-for-stm32.9-2020-q2-update.win32_2.0.0.202105311346/tools/bin/../lib/gcc/arm-none-eabi/9.3.1/../../../../arm-none-eabi/lib/thumb/v7e-m+fp/hard\libc_nano.a(lib_a-fprintf.o)
                0x0000000008008564                fiprintf
                0x0000000008008564                fprintf
 .text.malloc   0x0000000008008588       0x10 c:/st/stm32cubeide_1.7.0/stm32cubeide/plugins/com.st.stm32cube.ide.mcu.externaltools.gnu-tools-for-stm32.9-2020-q2-update.win32_2.0.0.202105311346/tools/bin/../lib/gcc/arm-none-eabi/9.3.1/../../../../arm-none-eabi/lib/thumb/v7e-m+fp/hard\libc_nano.a(lib_a-malloc.o)
                0x0000000008008588                malloc
 .text._free_r  0x0000000008008598       0xa0 c:/st/stm32cubeide_1.7.0/stm32cubeide/plugins/com.st.stm32cube.ide.mcu.externaltools.gnu-tools-for-stm32.9-2020-q2-update.win32_2.0.0.202105311346/tools/bin/../lib/gcc/arm-none-eabi/9.3.1/../../../../arm-none-eabi/lib/thumb/v7e-m+fp/hard\libc_nano.a(lib_a-nano-freer.o)
                0x0000000008008598                _free_r
 .text._malloc_r
                0x0000000008008638       0xb4 c:/st/stm32cubeide_1.7.0/stm32cubeide/plugins/com.st.stm32cube.ide.mcu.externaltools.gnu-tools-for-stm32.9-2020-q2-update.win32_2.0.0.202105311346/tools/bin/../lib/gcc/arm-none-eabi/9.3.1/../../../../arm-none-eabi/lib/thumb/v7e-m+fp/hard\libc_nano.a(lib_a-nano-mallocr.o)
                0x0000000008008638                _malloc_r
 .text.__sfputc_r
                0x00000000080086ec       0x2e c:/st/stm32cubeide_1.7.0/stm32cubeide/plugins/com.st.stm32cube.ide.mcu.externaltools.gnu-tools-for-stm32.9-2020-q2-update.win32_2.0.0.202105311346/tools/bin/../lib/gcc/arm-none-eabi/9.3.1/../../../../arm-none-eabi/lib/thumb/v7e-m+fp/hard\libc_nano.a(lib_a-nano-vfprintf.o)
 .text.__sfputs_r
                0x000000000800871a       0x24 c:/st/stm32cubeide_1.7.0/stm32cubeide/plugins/com.st.stm32cube.ide.mcu.externaltools.gnu-tools-for-stm32.9-2020-q2-update.win32_2.0.0.202105311346/tools/bin/../lib/gcc/arm-none-eabi/9.3.1/../../../../arm-none-eabi/lib/thumb/v7e-m+fp/hard\libc_nano.a(lib_a-nano-vfprintf.o)
                0x000000000800871a                __sfputs_r
 *fill*         0x000000000800873e        0x2 
 .text._vfprintf_r
                0x0000000008008740      0x260 c:/st/stm32cubeide_1.7.0/stm32cubeide/plugins/com.st.stm32cube.ide.mcu.externaltools.gnu-tools-for-stm32.9-2020-q2-update.win32_2.0.0.202105311346/tools/bin/../lib/gcc/arm-none-eabi/9.3.1/../../../../arm-none-eabi/lib/thumb/v7e-m+fp/hard\libc_nano.a(lib_a-nano-vfprintf.o)
                0x0000000008008740                _vfprintf_r
                0x0000000008008740                _vfiprintf_r
 .text._printf_common
                0x00000000080089a0       0xda c:/st/stm32cubeide_1.7.0/stm32cubeide/plugins/com.st.stm32cube.ide.mcu.externaltools.gnu-tools-for-stm32.9-2020-q2-update.win32_2.0.0.202105311346/tools/bin/../lib/gcc/arm-none-eabi/9.3.1/../../../../arm-none-eabi/lib/thumb/v7e-m+fp/hard\libc_nano.a(lib_a-nano-vfprintf_i.o)
                0x00000000080089a0                _printf_common
 *fill*         0x0000000008008a7a        0x2 
 .text._printf_i
                0x0000000008008a7c      0x24c c:/st/stm32cubeide_1.7.0/stm32cubeide/plugins/com.st.stm32cube.ide.mcu.externaltools.gnu-tools-for-stm32.9-2020-q2-update.win32_2.0.0.202105311346/tools/bin/../lib/gcc/arm-none-eabi/9.3.1/../../../../arm-none-eabi/lib/thumb/v7e-m+fp/hard\libc_nano.a(lib_a-nano-vfprintf_i.o)
                0x0000000008008a7c                _printf_i
 .text._sbrk_r  0x0000000008008cc8       0x20 c:/st/stm32cubeide_1.7.0/stm32cubeide/plugins/com.st.stm32cube.ide.mcu.externaltools.gnu-tools-for-stm32.9-2020-q2-update.win32_2.0.0.202105311346/tools/bin/../lib/gcc/arm-none-eabi/9.3.1/../../../../arm-none-eabi/lib/thumb/v7e-m+fp/hard\libc_nano.a(lib_a-sbrkr.o)
                0x0000000008008cc8                _sbrk_r
 .text.__swbuf_r
                0x0000000008008ce8       0xa4 c:/st/stm32cubeide_1.7.0/stm32cubeide/plugins/com.st.stm32cube.ide.mcu.externaltools.gnu-tools-for-stm32.9-2020-q2-update.win32_2.0.0.202105311346/tools/bin/../lib/gcc/arm-none-eabi/9.3.1/../../../../arm-none-eabi/lib/thumb/v7e-m+fp/hard\libc_nano.a(lib_a-wbuf.o)
                0x0000000008008ce8                __swbuf_r
 .text.__swsetup_r
                0x0000000008008d8c       0xdc c:/st/stm32cubeide_1.7.0/stm32cubeide/plugins/com.st.stm32cube.ide.mcu.externaltools.gnu-tools-for-stm32.9-2020-q2-update.win32_2.0.0.202105311346/tools/bin/../lib/gcc/arm-none-eabi/9.3.1/../../../../arm-none-eabi/lib/thumb/v7e-m+fp/hard\libc_nano.a(lib_a-wsetup.o)
                0x0000000008008d8c                __swsetup_r
 .text.abort    0x0000000008008e68        0xe c:/st/stm32cubeide_1.7.0/stm32cubeide/plugins/com.st.stm32cube.ide.mcu.externaltools.gnu-tools-for-stm32.9-2020-q2-update.win32_2.0.0.202105311346/tools/bin/../lib/gcc/arm-none-eabi/9.3.1/../../../../arm-none-eabi/lib/thumb/v7e-m+fp/hard\libc_nano.a(lib_a-abort.o)
                0x0000000008008e68                abort
 *fill*         0x0000000008008e76        0x2 
 .text.__sflush_r
                0x0000000008008e78      0x10c c:/st/stm32cubeide_1.7.0/stm32cubeide/plugins/com.st.stm32cube.ide.mcu.externaltools.gnu-tools-for-stm32.9-2020-q2-update.win32_2.0.0.202105311346/tools/bin/../lib/gcc/arm-none-eabi/9.3.1/../../../../arm-none-eabi/lib/thumb/v7e-m+fp/hard\libc_nano.a(lib_a-fflush.o)
                0x0000000008008e78                __sflush_r
 .text._fflush_r
                0x0000000008008f84       0x78 c:/st/stm32cubeide_1.7.0/stm32cubeide/plugins/com.st.stm32cube.ide.mcu.externaltools.gnu-tools-for-stm32.9-2020-q2-update.win32_2.0.0.202105311346/tools/bin/../lib/gcc/arm-none-eabi/9.3.1/../../../../arm-none-eabi/lib/thumb/v7e-m+fp/hard\libc_nano.a(lib_a-fflush.o)
                0x0000000008008f84                _fflush_r
 .text.std      0x0000000008008ffc       0x48 c:/st/stm32cubeide_1.7.0/stm32cubeide/plugins/com.st.stm32cube.ide.mcu.externaltools.gnu-tools-for-stm32.9-2020-q2-update.win32_2.0.0.202105311346/tools/bin/../lib/gcc/arm-none-eabi/9.3.1/../../../../arm-none-eabi/lib/thumb/v7e-m+fp/hard\libc_nano.a(lib_a-findfp.o)
 .text._cleanup_r
                0x0000000008009044        0xc c:/st/stm32cubeide_1.7.0/stm32cubeide/plugins/com.st.stm32cube.ide.mcu.externaltools.gnu-tools-for-stm32.9-2020-q2-update.win32_2.0.0.202105311346/tools/bin/../lib/gcc/arm-none-eabi/9.3.1/../../../../arm-none-eabi/lib/thumb/v7e-m+fp/hard\libc_nano.a(lib_a-findfp.o)
                0x0000000008009044                _cleanup_r
 .text.__sfmoreglue
                0x0000000008009050       0x2c c:/st/stm32cubeide_1.7.0/stm32cubeide/plugins/com.st.stm32cube.ide.mcu.externaltools.gnu-tools-for-stm32.9-2020-q2-update.win32_2.0.0.202105311346/tools/bin/../lib/gcc/arm-none-eabi/9.3.1/../../../../arm-none-eabi/lib/thumb/v7e-m+fp/hard\libc_nano.a(lib_a-findfp.o)
                0x0000000008009050                __sfmoreglue
 .text.__sfp_lock_acquire
                0x000000000800907c        0xc c:/st/stm32cubeide_1.7.0/stm32cubeide/plugins/com.st.stm32cube.ide.mcu.externaltools.gnu-tools-for-stm32.9-2020-q2-update.win32_2.0.0.202105311346/tools/bin/../lib/gcc/arm-none-eabi/9.3.1/../../../../arm-none-eabi/lib/thumb/v7e-m+fp/hard\libc_nano.a(lib_a-findfp.o)
                0x000000000800907c                __sfp_lock_acquire
 .text.__sfp_lock_release
                0x0000000008009088        0xc c:/st/stm32cubeide_1.7.0/stm32cubeide/plugins/com.st.stm32cube.ide.mcu.externaltools.gnu-tools-for-stm32.9-2020-q2-update.win32_2.0.0.202105311346/tools/bin/../lib/gcc/arm-none-eabi/9.3.1/../../../../arm-none-eabi/lib/thumb/v7e-m+fp/hard\libc_nano.a(lib_a-findfp.o)
                0x0000000008009088                __sfp_lock_release
 .text.__sinit_lock_acquire
                0x0000000008009094        0xc c:/st/stm32cubeide_1.7.0/stm32cubeide/plugins/com.st.stm32cube.ide.mcu.externaltools.gnu-tools-for-stm32.9-2020-q2-update.win32_2.0.0.202105311346/tools/bin/../lib/gcc/arm-none-eabi/9.3.1/../../../../arm-none-eabi/lib/thumb/v7e-m+fp/hard\libc_nano.a(lib_a-findfp.o)
                0x0000000008009094                __sinit_lock_acquire
 .text.__sinit_lock_release
                0x00000000080090a0        0xc c:/st/stm32cubeide_1.7.0/stm32cubeide/plugins/com.st.stm32cube.ide.mcu.externaltools.gnu-tools-for-stm32.9-2020-q2-update.win32_2.0.0.202105311346/tools/bin/../lib/gcc/arm-none-eabi/9.3.1/../../../../arm-none-eabi/lib/thumb/v7e-m+fp/hard\libc_nano.a(lib_a-findfp.o)
                0x00000000080090a0                __sinit_lock_release
 .text.__sinit  0x00000000080090ac       0x70 c:/st/stm32cubeide_1.7.0/stm32cubeide/plugins/com.st.stm32cube.ide.mcu.externaltools.gnu-tools-for-stm32.9-2020-q2-update.win32_2.0.0.202105311346/tools/bin/../lib/gcc/arm-none-eabi/9.3.1/../../../../arm-none-eabi/lib/thumb/v7e-m+fp/hard\libc_nano.a(lib_a-findfp.o)
                0x00000000080090ac                __sinit
 .text.__sfp    0x000000000800911c       0x8c c:/st/stm32cubeide_1.7.0/stm32cubeide/plugins/com.st.stm32cube.ide.mcu.externaltools.gnu-tools-for-stm32.9-2020-q2-update.win32_2.0.0.202105311346/tools/bin/../lib/gcc/arm-none-eabi/9.3.1/../../../../arm-none-eabi/lib/thumb/v7e-m+fp/hard\libc_nano.a(lib_a-findfp.o)
                0x000000000800911c                __sfp
 .text._fwalk_reent
                0x00000000080091a8       0x3e c:/st/stm32cubeide_1.7.0/stm32cubeide/plugins/com.st.stm32cube.ide.mcu.externaltools.gnu-tools-for-stm32.9-2020-q2-update.win32_2.0.0.202105311346/tools/bin/../lib/gcc/arm-none-eabi/9.3.1/../../../../arm-none-eabi/lib/thumb/v7e-m+fp/hard\libc_nano.a(lib_a-fwalk.o)
                0x00000000080091a8                _fwalk_reent
 .text.__retarget_lock_init_recursive
                0x00000000080091e6        0x2 c:/st/stm32cubeide_1.7.0/stm32cubeide/plugins/com.st.stm32cube.ide.mcu.externaltools.gnu-tools-for-stm32.9-2020-q2-update.win32_2.0.0.202105311346/tools/bin/../lib/gcc/arm-none-eabi/9.3.1/../../../../arm-none-eabi/lib/thumb/v7e-m+fp/hard\libc_nano.a(lib_a-lock.o)
                0x00000000080091e6                __retarget_lock_init_recursive
 .text.__retarget_lock_acquire_recursive
                0x00000000080091e8        0x2 c:/st/stm32cubeide_1.7.0/stm32cubeide/plugins/com.st.stm32cube.ide.mcu.externaltools.gnu-tools-for-stm32.9-2020-q2-update.win32_2.0.0.202105311346/tools/bin/../lib/gcc/arm-none-eabi/9.3.1/../../../../arm-none-eabi/lib/thumb/v7e-m+fp/hard\libc_nano.a(lib_a-lock.o)
                0x00000000080091e8                __retarget_lock_acquire_recursive
 .text.__retarget_lock_release_recursive
                0x00000000080091ea        0x2 c:/st/stm32cubeide_1.7.0/stm32cubeide/plugins/com.st.stm32cube.ide.mcu.externaltools.gnu-tools-for-stm32.9-2020-q2-update.win32_2.0.0.202105311346/tools/bin/../lib/gcc/arm-none-eabi/9.3.1/../../../../arm-none-eabi/lib/thumb/v7e-m+fp/hard\libc_nano.a(lib_a-lock.o)
                0x00000000080091ea                __retarget_lock_release_recursive
 .text.__swhatbuf_r
                0x00000000080091ec       0x48 c:/st/stm32cubeide_1.7.0/stm32cubeide/plugins/com.st.stm32cube.ide.mcu.externaltools.gnu-tools-for-stm32.9-2020-q2-update.win32_2.0.0.202105311346/tools/bin/../lib/gcc/arm-none-eabi/9.3.1/../../../../arm-none-eabi/lib/thumb/v7e-m+fp/hard\libc_nano.a(lib_a-makebuf.o)
                0x00000000080091ec                __swhatbuf_r
 .text.__smakebuf_r
                0x0000000008009234       0x80 c:/st/stm32cubeide_1.7.0/stm32cubeide/plugins/com.st.stm32cube.ide.mcu.externaltools.gnu-tools-for-stm32.9-2020-q2-update.win32_2.0.0.202105311346/tools/bin/../lib/gcc/arm-none-eabi/9.3.1/../../../../arm-none-eabi/lib/thumb/v7e-m+fp/hard\libc_nano.a(lib_a-makebuf.o)
                0x0000000008009234                __smakebuf_r
 .text.__malloc_lock
                0x00000000080092b4        0xc c:/st/stm32cubeide_1.7.0/stm32cubeide/plugins/com.st.stm32cube.ide.mcu.externaltools.gnu-tools-for-stm32.9-2020-q2-update.win32_2.0.0.202105311346/tools/bin/../lib/gcc/arm-none-eabi/9.3.1/../../../../arm-none-eabi/lib/thumb/v7e-m+fp/hard\libc_nano.a(lib_a-mlock.o)
                0x00000000080092b4                __malloc_lock
 .text.__malloc_unlock
                0x00000000080092c0        0xc c:/st/stm32cubeide_1.7.0/stm32cubeide/plugins/com.st.stm32cube.ide.mcu.externaltools.gnu-tools-for-stm32.9-2020-q2-update.win32_2.0.0.202105311346/tools/bin/../lib/gcc/arm-none-eabi/9.3.1/../../../../arm-none-eabi/lib/thumb/v7e-m+fp/hard\libc_nano.a(lib_a-mlock.o)
                0x00000000080092c0                __malloc_unlock
 .text._raise_r
                0x00000000080092cc       0x50 c:/st/stm32cubeide_1.7.0/stm32cubeide/plugins/com.st.stm32cube.ide.mcu.externaltools.gnu-tools-for-stm32.9-2020-q2-update.win32_2.0.0.202105311346/tools/bin/../lib/gcc/arm-none-eabi/9.3.1/../../../../arm-none-eabi/lib/thumb/v7e-m+fp/hard\libc_nano.a(lib_a-signal.o)
                0x00000000080092cc                _raise_r
 .text.raise    0x000000000800931c       0x10 c:/st/stm32cubeide_1.7.0/stm32cubeide/plugins/com.st.stm32cube.ide.mcu.externaltools.gnu-tools-for-stm32.9-2020-q2-update.win32_2.0.0.202105311346/tools/bin/../lib/gcc/arm-none-eabi/9.3.1/../../../../arm-none-eabi/lib/thumb/v7e-m+fp/hard\libc_nano.a(lib_a-signal.o)
                0x000000000800931c                raise
 .text._kill_r  0x000000000800932c       0x24 c:/st/stm32cubeide_1.7.0/stm32cubeide/plugins/com.st.stm32cube.ide.mcu.externaltools.gnu-tools-for-stm32.9-2020-q2-update.win32_2.0.0.202105311346/tools/bin/../lib/gcc/arm-none-eabi/9.3.1/../../../../arm-none-eabi/lib/thumb/v7e-m+fp/hard\libc_nano.a(lib_a-signalr.o)
                0x000000000800932c                _kill_r
 .text._getpid_r
                0x0000000008009350        0x4 c:/st/stm32cubeide_1.7.0/stm32cubeide/plugins/com.st.stm32cube.ide.mcu.externaltools.gnu-tools-for-stm32.9-2020-q2-update.win32_2.0.0.202105311346/tools/bin/../lib/gcc/arm-none-eabi/9.3.1/../../../../arm-none-eabi/lib/thumb/v7e-m+fp/hard\libc_nano.a(lib_a-signalr.o)
                0x0000000008009350                _getpid_r
 .text.__sread  0x0000000008009354       0x22 c:/st/stm32cubeide_1.7.0/stm32cubeide/plugins/com.st.stm32cube.ide.mcu.externaltools.gnu-tools-for-stm32.9-2020-q2-update.win32_2.0.0.202105311346/tools/bin/../lib/gcc/arm-none-eabi/9.3.1/../../../../arm-none-eabi/lib/thumb/v7e-m+fp/hard\libc_nano.a(lib_a-stdio.o)
                0x0000000008009354                __sread
 .text.__swrite
                0x0000000008009376       0x38 c:/st/stm32cubeide_1.7.0/stm32cubeide/plugins/com.st.stm32cube.ide.mcu.externaltools.gnu-tools-for-stm32.9-2020-q2-update.win32_2.0.0.202105311346/tools/bin/../lib/gcc/arm-none-eabi/9.3.1/../../../../arm-none-eabi/lib/thumb/v7e-m+fp/hard\libc_nano.a(lib_a-stdio.o)
                0x0000000008009376                __swrite
 .text.__sseek  0x00000000080093ae       0x24 c:/st/stm32cubeide_1.7.0/stm32cubeide/plugins/com.st.stm32cube.ide.mcu.externaltools.gnu-tools-for-stm32.9-2020-q2-update.win32_2.0.0.202105311346/tools/bin/../lib/gcc/arm-none-eabi/9.3.1/../../../../arm-none-eabi/lib/thumb/v7e-m+fp/hard\libc_nano.a(lib_a-stdio.o)
                0x00000000080093ae                __sseek
 .text.__sclose
                0x00000000080093d2        0x8 c:/st/stm32cubeide_1.7.0/stm32cubeide/plugins/com.st.stm32cube.ide.mcu.externaltools.gnu-tools-for-stm32.9-2020-q2-update.win32_2.0.0.202105311346/tools/bin/../lib/gcc/arm-none-eabi/9.3.1/../../../../arm-none-eabi/lib/thumb/v7e-m+fp/hard\libc_nano.a(lib_a-stdio.o)
                0x00000000080093d2                __sclose
 *fill*         0x00000000080093da        0x2 
 .text._write_r
                0x00000000080093dc       0x24 c:/st/stm32cubeide_1.7.0/stm32cubeide/plugins/com.st.stm32cube.ide.mcu.externaltools.gnu-tools-for-stm32.9-2020-q2-update.win32_2.0.0.202105311346/tools/bin/../lib/gcc/arm-none-eabi/9.3.1/../../../../arm-none-eabi/lib/thumb/v7e-m+fp/hard\libc_nano.a(lib_a-writer.o)
                0x00000000080093dc                _write_r
 .text._close_r
                0x0000000008009400       0x20 c:/st/stm32cubeide_1.7.0/stm32cubeide/plugins/com.st.stm32cube.ide.mcu.externaltools.gnu-tools-for-stm32.9-2020-q2-update.win32_2.0.0.202105311346/tools/bin/../lib/gcc/arm-none-eabi/9.3.1/../../../../arm-none-eabi/lib/thumb/v7e-m+fp/hard\libc_nano.a(lib_a-closer.o)
                0x0000000008009400                _close_r
 .text._fstat_r
                0x0000000008009420       0x24 c:/st/stm32cubeide_1.7.0/stm32cubeide/plugins/com.st.stm32cube.ide.mcu.externaltools.gnu-tools-for-stm32.9-2020-q2-update.win32_2.0.0.202105311346/tools/bin/../lib/gcc/arm-none-eabi/9.3.1/../../../../arm-none-eabi/lib/thumb/v7e-m+fp/hard\libc_nano.a(lib_a-fstatr.o)
                0x0000000008009420                _fstat_r
 .text._isatty_r
                0x0000000008009444       0x20 c:/st/stm32cubeide_1.7.0/stm32cubeide/plugins/com.st.stm32cube.ide.mcu.externaltools.gnu-tools-for-stm32.9-2020-q2-update.win32_2.0.0.202105311346/tools/bin/../lib/gcc/arm-none-eabi/9.3.1/../../../../arm-none-eabi/lib/thumb/v7e-m+fp/hard\libc_nano.a(lib_a-isattyr.o)
                0x0000000008009444                _isatty_r
 .text._lseek_r
                0x0000000008009464       0x24 c:/st/stm32cubeide_1.7.0/stm32cubeide/plugins/com.st.stm32cube.ide.mcu.externaltools.gnu-tools-for-stm32.9-2020-q2-update.win32_2.0.0.202105311346/tools/bin/../lib/gcc/arm-none-eabi/9.3.1/../../../../arm-none-eabi/lib/thumb/v7e-m+fp/hard\libc_nano.a(lib_a-lseekr.o)
                0x0000000008009464                _lseek_r
 .text._read_r  0x0000000008009488       0x24 c:/st/stm32cubeide_1.7.0/stm32cubeide/plugins/com.st.stm32cube.ide.mcu.externaltools.gnu-tools-for-stm32.9-2020-q2-update.win32_2.0.0.202105311346/tools/bin/../lib/gcc/arm-none-eabi/9.3.1/../../../../arm-none-eabi/lib/thumb/v7e-m+fp/hard\libc_nano.a(lib_a-readr.o)
                0x0000000008009488                _read_r
 .text.sqrt     0x00000000080094ac       0x68 c:/st/stm32cubeide_1.7.0/stm32cubeide/plugins/com.st.stm32cube.ide.mcu.externaltools.gnu-tools-for-stm32.9-2020-q2-update.win32_2.0.0.202105311346/tools/bin/../lib/gcc/arm-none-eabi/9.3.1/../../../../arm-none-eabi/lib/thumb/v7e-m+fp/hard\libm.a(lib_a-w_sqrt.o)
                0x00000000080094ac                sqrt
 .text.__ieee754_sqrt
                0x0000000008009514      0x168 c:/st/stm32cubeide_1.7.0/stm32cubeide/plugins/com.st.stm32cube.ide.mcu.externaltools.gnu-tools-for-stm32.9-2020-q2-update.win32_2.0.0.202105311346/tools/bin/../lib/gcc/arm-none-eabi/9.3.1/../../../../arm-none-eabi/lib/thumb/v7e-m+fp/hard\libm.a(lib_a-e_sqrt.o)
                0x0000000008009514                __ieee754_sqrt
 *(.glue_7)
 .glue_7        0x000000000800967c        0x0 linker stubs
 *(.glue_7t)
 .glue_7t       0x000000000800967c        0x0 linker stubs
 *(.eh_frame)
 .eh_frame      0x000000000800967c        0x0 c:/st/stm32cubeide_1.7.0/stm32cubeide/plugins/com.st.stm32cube.ide.mcu.externaltools.gnu-tools-for-stm32.9-2020-q2-update.win32_2.0.0.202105311346/tools/bin/../lib/gcc/arm-none-eabi/9.3.1/thumb/v7e-m+fp/hard/crtbegin.o
 *(.init)
 .init          0x000000000800967c        0x4 c:/st/stm32cubeide_1.7.0/stm32cubeide/plugins/com.st.stm32cube.ide.mcu.externaltools.gnu-tools-for-stm32.9-2020-q2-update.win32_2.0.0.202105311346/tools/bin/../lib/gcc/arm-none-eabi/9.3.1/thumb/v7e-m+fp/hard/crti.o
                0x000000000800967c                _init
 .init          0x0000000008009680        0x8 c:/st/stm32cubeide_1.7.0/stm32cubeide/plugins/com.st.stm32cube.ide.mcu.externaltools.gnu-tools-for-stm32.9-2020-q2-update.win32_2.0.0.202105311346/tools/bin/../lib/gcc/arm-none-eabi/9.3.1/thumb/v7e-m+fp/hard/crtn.o
 *(.fini)
 .fini          0x0000000008009688        0x4 c:/st/stm32cubeide_1.7.0/stm32cubeide/plugins/com.st.stm32cube.ide.mcu.externaltools.gnu-tools-for-stm32.9-2020-q2-update.win32_2.0.0.202105311346/tools/bin/../lib/gcc/arm-none-eabi/9.3.1/thumb/v7e-m+fp/hard/crti.o
                0x0000000008009688                _fini
 .fini          0x000000000800968c        0x8 c:/st/stm32cubeide_1.7.0/stm32cubeide/plugins/com.st.stm32cube.ide.mcu.externaltools.gnu-tools-for-stm32.9-2020-q2-update.win32_2.0.0.202105311346/tools/bin/../lib/gcc/arm-none-eabi/9.3.1/thumb/v7e-m+fp/hard/crtn.o
                0x0000000008009694                . = ALIGN (0x4)
                0x0000000008009694                _etext = .

.vfp11_veneer   0x0000000008009694        0x0
 .vfp11_veneer  0x0000000008009694        0x0 linker stubs

.v4_bx          0x0000000008009694        0x0
 .v4_bx         0x0000000008009694        0x0 linker stubs

.iplt           0x0000000008009694        0x0
 .iplt          0x0000000008009694        0x0 c:/st/stm32cubeide_1.7.0/stm32cubeide/plugins/com.st.stm32cube.ide.mcu.externaltools.gnu-tools-for-stm32.9-2020-q2-update.win32_2.0.0.202105311346/tools/bin/../lib/gcc/arm-none-eabi/9.3.1/thumb/v7e-m+fp/hard/crtbegin.o

.rodata         0x0000000008009694     0x320c
                0x0000000008009694                . = ALIGN (0x4)
 *(.rodata)
 .rodata        0x0000000008009694       0x37 ./Core/Src/game_control.o
 *fill*         0x00000000080096cb        0x1 
 .rodata        0x00000000080096cc        0x6 ./Core/Src/game_display.o
 *fill*         0x00000000080096d2        0x2 
 .rodata        0x00000000080096d4       0xe0 ./Core/Src/touch.o
 *(.rodata*)
 .rodata.ascii_1608
                0x00000000080097b4      0x5f0 ./Core/Src/lcd.o
                0x00000000080097b4                ascii_1608
 .rodata.ascii_2412
                0x0000000008009da4     0x11d0 ./Core/Src/lcd.o
                0x0000000008009da4                ascii_2412
 .rodata.ascii_3216
                0x000000000800af74     0x17c0 ./Core/Src/lcd.o
                0x000000000800af74                ascii_3216
 .rodata.AHBPrescTable
                0x000000000800c734       0x10 ./Core/Src/system_stm32f4xx.o
                0x000000000800c734                AHBPrescTable
 .rodata.APBPrescTable
                0x000000000800c744        0x8 ./Core/Src/system_stm32f4xx.o
                0x000000000800c744                APBPrescTable
 .rodata.flagBitshiftOffset.9221
                0x000000000800c74c        0x8 ./Drivers/STM32F4xx_HAL_Driver/Src/stm32f4xx_hal_dma.o
 .rodata._global_impure_ptr
                0x000000000800c754        0x4 c:/st/stm32cubeide_1.7.0/stm32cubeide/plugins/com.st.stm32cube.ide.mcu.externaltools.gnu-tools-for-stm32.9-2020-q2-update.win32_2.0.0.202105311346/tools/bin/../lib/gcc/arm-none-eabi/9.3.1/../../../../arm-none-eabi/lib/thumb/v7e-m+fp/hard\libc_nano.a(lib_a-impure.o)
                0x000000000800c754                _global_impure_ptr
 .rodata.srand.str1.1
                0x000000000800c758       0x76 c:/st/stm32cubeide_1.7.0/stm32cubeide/plugins/com.st.stm32cube.ide.mcu.externaltools.gnu-tools-for-stm32.9-2020-q2-update.win32_2.0.0.202105311346/tools/bin/../lib/gcc/arm-none-eabi/9.3.1/../../../../arm-none-eabi/lib/thumb/v7e-m+fp/hard\libc_nano.a(lib_a-rand.o)
 .rodata.__assert_func.str1.1
                0x000000000800c7ce       0x3c c:/st/stm32cubeide_1.7.0/stm32cubeide/plugins/com.st.stm32cube.ide.mcu.externaltools.gnu-tools-for-stm32.9-2020-q2-update.win32_2.0.0.202105311346/tools/bin/../lib/gcc/arm-none-eabi/9.3.1/../../../../arm-none-eabi/lib/thumb/v7e-m+fp/hard\libc_nano.a(lib_a-assert.o)
                                         0x3d (size before relaxing)
 .rodata._vfprintf_r.str1.1
                0x000000000800c80a       0x11 c:/st/stm32cubeide_1.7.0/stm32cubeide/plugins/com.st.stm32cube.ide.mcu.externaltools.gnu-tools-for-stm32.9-2020-q2-update.win32_2.0.0.202105311346/tools/bin/../lib/gcc/arm-none-eabi/9.3.1/../../../../arm-none-eabi/lib/thumb/v7e-m+fp/hard\libc_nano.a(lib_a-nano-vfprintf.o)
 .rodata._printf_i.str1.1
                0x000000000800c81b       0x22 c:/st/stm32cubeide_1.7.0/stm32cubeide/plugins/com.st.stm32cube.ide.mcu.externaltools.gnu-tools-for-stm32.9-2020-q2-update.win32_2.0.0.202105311346/tools/bin/../lib/gcc/arm-none-eabi/9.3.1/../../../../arm-none-eabi/lib/thumb/v7e-m+fp/hard\libc_nano.a(lib_a-nano-vfprintf_i.o)
 *fill*         0x000000000800c83d        0x3 
 .rodata.__sf_fake_stderr
                0x000000000800c840       0x20 c:/st/stm32cubeide_1.7.0/stm32cubeide/plugins/com.st.stm32cube.ide.mcu.externaltools.gnu-tools-for-stm32.9-2020-q2-update.win32_2.0.0.202105311346/tools/bin/../lib/gcc/arm-none-eabi/9.3.1/../../../../arm-none-eabi/lib/thumb/v7e-m+fp/hard\libc_nano.a(lib_a-findfp.o)
                0x000000000800c840                __sf_fake_stderr
 .rodata.__sf_fake_stdin
                0x000000000800c860       0x20 c:/st/stm32cubeide_1.7.0/stm32cubeide/plugins/com.st.stm32cube.ide.mcu.externaltools.gnu-tools-for-stm32.9-2020-q2-update.win32_2.0.0.202105311346/tools/bin/../lib/gcc/arm-none-eabi/9.3.1/../../../../arm-none-eabi/lib/thumb/v7e-m+fp/hard\libc_nano.a(lib_a-findfp.o)
                0x000000000800c860                __sf_fake_stdin
 .rodata.__sf_fake_stdout
                0x000000000800c880       0x20 c:/st/stm32cubeide_1.7.0/stm32cubeide/plugins/com.st.stm32cube.ide.mcu.externaltools.gnu-tools-for-stm32.9-2020-q2-update.win32_2.0.0.202105311346/tools/bin/../lib/gcc/arm-none-eabi/9.3.1/../../../../arm-none-eabi/lib/thumb/v7e-m+fp/hard\libc_nano.a(lib_a-findfp.o)
                0x000000000800c880                __sf_fake_stdout
                0x000000000800c8a0                . = ALIGN (0x4)

.ARM.extab      0x000000000800c8a0        0x0
                0x000000000800c8a0                . = ALIGN (0x4)
 *(.ARM.extab* .gnu.linkonce.armextab.*)
                0x000000000800c8a0                . = ALIGN (0x4)

.ARM            0x000000000800c8a0        0x8
                0x000000000800c8a0                . = ALIGN (0x4)
                0x000000000800c8a0                __exidx_start = .
 *(.ARM.exidx*)
 .ARM.exidx     0x000000000800c8a0        0x8 c:/st/stm32cubeide_1.7.0/stm32cubeide/plugins/com.st.stm32cube.ide.mcu.externaltools.gnu-tools-for-stm32.9-2020-q2-update.win32_2.0.0.202105311346/tools/bin/../lib/gcc/arm-none-eabi/9.3.1/thumb/v7e-m+fp/hard\libgcc.a(_udivmoddi4.o)
                0x000000000800c8a8                __exidx_end = .
                0x000000000800c8a8                . = ALIGN (0x4)

.rel.dyn        0x000000000800c8a8        0x0
 .rel.iplt      0x000000000800c8a8        0x0 c:/st/stm32cubeide_1.7.0/stm32cubeide/plugins/com.st.stm32cube.ide.mcu.externaltools.gnu-tools-for-stm32.9-2020-q2-update.win32_2.0.0.202105311346/tools/bin/../lib/gcc/arm-none-eabi/9.3.1/thumb/v7e-m+fp/hard/crtbegin.o

.preinit_array  0x000000000800c8a8        0x0
                0x000000000800c8a8                . = ALIGN (0x4)
                0x000000000800c8a8                PROVIDE (__preinit_array_start = .)
 *(.preinit_array*)
                0x000000000800c8a8                PROVIDE (__preinit_array_end = .)
                0x000000000800c8a8                . = ALIGN (0x4)

.init_array     0x000000000800c8a8        0x4
                0x000000000800c8a8                . = ALIGN (0x4)
                0x000000000800c8a8                PROVIDE (__init_array_start = .)
 *(SORT_BY_NAME(.init_array.*))
 *(.init_array*)
 .init_array    0x000000000800c8a8        0x4 c:/st/stm32cubeide_1.7.0/stm32cubeide/plugins/com.st.stm32cube.ide.mcu.externaltools.gnu-tools-for-stm32.9-2020-q2-update.win32_2.0.0.202105311346/tools/bin/../lib/gcc/arm-none-eabi/9.3.1/thumb/v7e-m+fp/hard/crtbegin.o
                0x000000000800c8ac                PROVIDE (__init_array_end = .)
                0x000000000800c8ac                . = ALIGN (0x4)

.fini_array     0x000000000800c8ac        0x4
                0x000000000800c8ac                . = ALIGN (0x4)
                [!provide]                        PROVIDE (__fini_array_start = .)
 *(SORT_BY_NAME(.fini_array.*))
 *(.fini_array*)
 .fini_array    0x000000000800c8ac        0x4 c:/st/stm32cubeide_1.7.0/stm32cubeide/plugins/com.st.stm32cube.ide.mcu.externaltools.gnu-tools-for-stm32.9-2020-q2-update.win32_2.0.0.202105311346/tools/bin/../lib/gcc/arm-none-eabi/9.3.1/thumb/v7e-m+fp/hard/crtbegin.o
                [!provide]                        PROVIDE (__fini_array_end = .)
                0x000000000800c8b0                . = ALIGN (0x4)
                0x000000000800c8b0                _sidata = LOADADDR (.data)

.data           0x0000000020000000       0xb8 load address 0x000000000800c8b0
                0x0000000020000000                . = ALIGN (0x4)
                0x0000000020000000                _sdata = .
 *(.data)
 *(.data*)
 .data.snakeDirection
                0x0000000020000000        0x1 ./Core/Src/game_display.o
                0x0000000020000000                snakeDirection
 *fill*         0x0000000020000001        0x3 
 .data.led7seg  0x0000000020000004        0x4 ./Core/Src/led_7seg.o
                0x0000000020000004                led7seg
 .data.spi_buffer
                0x0000000020000008        0x2 ./Core/Src/led_7seg.o
                0x0000000020000008                spi_buffer
 *fill*         0x000000002000000a        0x2 
 .data.SystemCoreClock
                0x000000002000000c        0x4 ./Core/Src/system_stm32f4xx.o
                0x000000002000000c                SystemCoreClock
 .data.tp_dev   0x0000000020000010       0x34 ./Core/Src/touch.o
                0x0000000020000010                tp_dev
 .data.CMD_RDX  0x0000000020000044        0x1 ./Core/Src/touch.o
                0x0000000020000044                CMD_RDX
 .data.CMD_RDY  0x0000000020000045        0x1 ./Core/Src/touch.o
                0x0000000020000045                CMD_RDY
 *fill*         0x0000000020000046        0x2 
 .data.uwTickPrio
                0x0000000020000048        0x4 ./Drivers/STM32F4xx_HAL_Driver/Src/stm32f4xx_hal.o
                0x0000000020000048                uwTickPrio
 .data.uwTickFreq
                0x000000002000004c        0x1 ./Drivers/STM32F4xx_HAL_Driver/Src/stm32f4xx_hal.o
                0x000000002000004c                uwTickFreq
 *fill*         0x000000002000004d        0x3 
 .data._impure_ptr
                0x0000000020000050        0x4 c:/st/stm32cubeide_1.7.0/stm32cubeide/plugins/com.st.stm32cube.ide.mcu.externaltools.gnu-tools-for-stm32.9-2020-q2-update.win32_2.0.0.202105311346/tools/bin/../lib/gcc/arm-none-eabi/9.3.1/../../../../arm-none-eabi/lib/thumb/v7e-m+fp/hard\libc_nano.a(lib_a-impure.o)
                0x0000000020000050                _impure_ptr
 .data.impure_data
                0x0000000020000054       0x60 c:/st/stm32cubeide_1.7.0/stm32cubeide/plugins/com.st.stm32cube.ide.mcu.externaltools.gnu-tools-for-stm32.9-2020-q2-update.win32_2.0.0.202105311346/tools/bin/../lib/gcc/arm-none-eabi/9.3.1/../../../../arm-none-eabi/lib/thumb/v7e-m+fp/hard\libc_nano.a(lib_a-impure.o)
 .data.__fdlib_version
                0x00000000200000b4        0x1 c:/st/stm32cubeide_1.7.0/stm32cubeide/plugins/com.st.stm32cube.ide.mcu.externaltools.gnu-tools-for-stm32.9-2020-q2-update.win32_2.0.0.202105311346/tools/bin/../lib/gcc/arm-none-eabi/9.3.1/../../../../arm-none-eabi/lib/thumb/v7e-m+fp/hard\libm.a(lib_a-s_lib_ver.o)
                0x00000000200000b4                __fdlib_version
 *(.RamFunc)
 *(.RamFunc*)
                0x00000000200000b8                . = ALIGN (0x4)
 *fill*         0x00000000200000b5        0x3 
                0x00000000200000b8                _edata = .
                0x000000000800c968                _siccmram = LOADADDR (.ccmram)

.igot.plt       0x00000000200000b8        0x0 load address 0x000000000800c968
 .igot.plt      0x00000000200000b8        0x0 c:/st/stm32cubeide_1.7.0/stm32cubeide/plugins/com.st.stm32cube.ide.mcu.externaltools.gnu-tools-for-stm32.9-2020-q2-update.win32_2.0.0.202105311346/tools/bin/../lib/gcc/arm-none-eabi/9.3.1/thumb/v7e-m+fp/hard/crtbegin.o

.ccmram         0x0000000010000000        0x0 load address 0x000000000800c968
                0x0000000010000000                . = ALIGN (0x4)
                0x0000000010000000                _sccmram = .
 *(.ccmram)
 *(.ccmram*)
                0x0000000010000000                . = ALIGN (0x4)
                0x0000000010000000                _eccmram = .
                0x0000000010000000                . = ALIGN (0x4)

.bss            0x00000000200000b8      0x458
                0x00000000200000b8                _sbss = .
                0x00000000200000b8                __bss_start__ = _sbss
 *(.bss)
 .bss           0x00000000200000b8       0x1c c:/st/stm32cubeide_1.7.0/stm32cubeide/plugins/com.st.stm32cube.ide.mcu.externaltools.gnu-tools-for-stm32.9-2020-q2-update.win32_2.0.0.202105311346/tools/bin/../lib/gcc/arm-none-eabi/9.3.1/thumb/v7e-m+fp/hard/crtbegin.o
 *(.bss*)
 .bss.FSMC_Initialized
                0x00000000200000d4        0x4 ./Core/Src/fsmc.o
 .bss.currentState
                0x00000000200000d8        0x1 ./Core/Src/game_control.o
 *fill*         0x00000000200000d9        0x3 
 .bss.controlButtons
                0x00000000200000dc       0x28 ./Core/Src/game_control.o
 .bss.score     0x0000000020000104        0x2 ./Core/Src/game_control.o
 *fill*         0x0000000020000106        0x2 
 .bss.led7_index
                0x0000000020000108        0x4 ./Core/Src/led_7seg.o
                0x0000000020000108                led7_index
 .bss.snake_move_flag
                0x000000002000010c        0x4 ./Core/Src/software_timer.o
                0x000000002000010c                snake_move_flag
 .bss.button_read_flag
                0x0000000020000110        0x4 ./Core/Src/software_timer.o
                0x0000000020000110                button_read_flag
 .bss.snake_move_counter
                0x0000000020000114        0x4 ./Core/Src/software_timer.o
                0x0000000020000114                snake_move_counter
 .bss.button_read_counter
                0x0000000020000118        0x4 ./Core/Src/software_timer.o
                0x0000000020000118                button_read_counter
 .bss.flag_timer2
                0x000000002000011c        0x2 ./Core/Src/software_timer.o
                0x000000002000011c                flag_timer2
 .bss.timer2_counter
                0x000000002000011e        0x2 ./Core/Src/software_timer.o
                0x000000002000011e                timer2_counter
 .bss.timer2_MUL
                0x0000000020000120        0x2 ./Core/Src/software_timer.o
                0x0000000020000120                timer2_MUL
 *fill*         0x0000000020000122        0x2 
 .bss.__sbrk_heap_end
                0x0000000020000124        0x4 ./Core/Src/sysmem.o
 .bss.__malloc_free_list
                0x0000000020000128        0x4 c:/st/stm32cubeide_1.7.0/stm32cubeide/plugins/com.st.stm32cube.ide.mcu.externaltools.gnu-tools-for-stm32.9-2020-q2-update.win32_2.0.0.202105311346/tools/bin/../lib/gcc/arm-none-eabi/9.3.1/../../../../arm-none-eabi/lib/thumb/v7e-m+fp/hard\libc_nano.a(lib_a-nano-mallocr.o)
                0x0000000020000128                __malloc_free_list
 .bss.__malloc_sbrk_start
                0x000000002000012c        0x4 c:/st/stm32cubeide_1.7.0/stm32cubeide/plugins/com.st.stm32cube.ide.mcu.externaltools.gnu-tools-for-stm32.9-2020-q2-update.win32_2.0.0.202105311346/tools/bin/../lib/gcc/arm-none-eabi/9.3.1/../../../../arm-none-eabi/lib/thumb/v7e-m+fp/hard\libc_nano.a(lib_a-nano-mallocr.o)
                0x000000002000012c                __malloc_sbrk_start
 *(COMMON)
 COMMON         0x0000000020000130       0xa8 ./Core/Src/adc.o
                0x0000000020000130                hadc1
                0x0000000020000178                hdma_adc1
 COMMON         0x00000000200001d8       0x50 ./Core/Src/fsmc.o
                0x00000000200001d8                hsram1
 COMMON         0x0000000020000228      0x114 ./Core/Src/game_display.o
                0x0000000020000228                snake
                0x0000000020000234                fruit
                0x000000002000023c                gameGrid
 COMMON         0x000000002000033c       0x54 ./Core/Src/i2c.o
                0x000000002000033c                hi2c1
 COMMON         0x0000000020000390       0x3a ./Core/Src/lcd.o
                0x0000000020000390                lcddev
                0x0000000020000398                s
 *fill*         0x00000000200003ca        0x2 
 COMMON         0x00000000200003cc       0x58 ./Core/Src/spi.o
                0x00000000200003cc                hspi1
 COMMON         0x0000000020000424       0xd8 ./Core/Src/tim.o
                0x0000000020000424                htim13
                0x000000002000046c                htim1
                0x00000000200004b4                htim2
 COMMON         0x00000000200004fc        0x4 ./Drivers/STM32F4xx_HAL_Driver/Src/stm32f4xx_hal.o
                0x00000000200004fc                uwTick
 COMMON         0x0000000020000500        0x9 c:/st/stm32cubeide_1.7.0/stm32cubeide/plugins/com.st.stm32cube.ide.mcu.externaltools.gnu-tools-for-stm32.9-2020-q2-update.win32_2.0.0.202105311346/tools/bin/../lib/gcc/arm-none-eabi/9.3.1/../../../../arm-none-eabi/lib/thumb/v7e-m+fp/hard\libc_nano.a(lib_a-lock.o)
                0x0000000020000500                __lock___atexit_recursive_mutex
                0x0000000020000501                __lock___arc4random_mutex
                0x0000000020000502                __lock___env_recursive_mutex
                0x0000000020000503                __lock___sinit_recursive_mutex
                0x0000000020000504                __lock___malloc_recursive_mutex
                0x0000000020000505                __lock___at_quick_exit_mutex
                0x0000000020000506                __lock___dd_hash_mutex
                0x0000000020000507                __lock___tz_mutex
                0x0000000020000508                __lock___sfp_recursive_mutex
 *fill*         0x0000000020000509        0x3 
 COMMON         0x000000002000050c        0x4 c:/st/stm32cubeide_1.7.0/stm32cubeide/plugins/com.st.stm32cube.ide.mcu.externaltools.gnu-tools-for-stm32.9-2020-q2-update.win32_2.0.0.202105311346/tools/bin/../lib/gcc/arm-none-eabi/9.3.1/../../../../arm-none-eabi/lib/thumb/v7e-m+fp/hard\libc_nano.a(lib_a-reent.o)
                0x000000002000050c                errno
                0x0000000020000510                . = ALIGN (0x4)
                0x0000000020000510                _ebss = .
                0x0000000020000510                __bss_end__ = _ebss

._user_heap_stack
                0x0000000020000510      0x600
                0x0000000020000510                . = ALIGN (0x8)
                [!provide]                        PROVIDE (end = .)
                0x0000000020000510                PROVIDE (_end = .)
                0x0000000020000710                . = (. + _Min_Heap_Size)
 *fill*         0x0000000020000510      0x200 
                0x0000000020000b10                . = (. + _Min_Stack_Size)
 *fill*         0x0000000020000710      0x400 
                0x0000000020000b10                . = ALIGN (0x8)

/DISCARD/
 libc.a(*)
 libm.a(*)
 libgcc.a(*)

.ARM.attributes
                0x0000000000000000       0x30
 *(.ARM.attributes)
 .ARM.attributes
                0x0000000000000000       0x1e c:/st/stm32cubeide_1.7.0/stm32cubeide/plugins/com.st.stm32cube.ide.mcu.externaltools.gnu-tools-for-stm32.9-2020-q2-update.win32_2.0.0.202105311346/tools/bin/../lib/gcc/arm-none-eabi/9.3.1/thumb/v7e-m+fp/hard/crti.o
 .ARM.attributes
                0x000000000000001e       0x34 c:/st/stm32cubeide_1.7.0/stm32cubeide/plugins/com.st.stm32cube.ide.mcu.externaltools.gnu-tools-for-stm32.9-2020-q2-update.win32_2.0.0.202105311346/tools/bin/../lib/gcc/arm-none-eabi/9.3.1/thumb/v7e-m+fp/hard/crtbegin.o
 .ARM.attributes
                0x0000000000000052       0x34 ./Core/Src/adc.o
 .ARM.attributes
                0x0000000000000086       0x34 ./Core/Src/at24c.o
 .ARM.attributes
                0x00000000000000ba       0x34 ./Core/Src/button.o
 .ARM.attributes
                0x00000000000000ee       0x34 ./Core/Src/dma.o
 .ARM.attributes
                0x0000000000000122       0x34 ./Core/Src/fsmc.o
 .ARM.attributes
                0x0000000000000156       0x34 ./Core/Src/game_control.o
 .ARM.attributes
                0x000000000000018a       0x34 ./Core/Src/game_display.o
 .ARM.attributes
                0x00000000000001be       0x34 ./Core/Src/gpio.o
 .ARM.attributes
                0x00000000000001f2       0x34 ./Core/Src/i2c.o
 .ARM.attributes
                0x0000000000000226       0x34 ./Core/Src/lcd.o
 .ARM.attributes
                0x000000000000025a       0x34 ./Core/Src/led_7seg.o
 .ARM.attributes
                0x000000000000028e       0x34 ./Core/Src/main.o
 .ARM.attributes
                0x00000000000002c2       0x34 ./Core/Src/software_timer.o
 .ARM.attributes
                0x00000000000002f6       0x34 ./Core/Src/spi.o
 .ARM.attributes
                0x000000000000032a       0x34 ./Core/Src/stm32f4xx_hal_msp.o
 .ARM.attributes
                0x000000000000035e       0x34 ./Core/Src/stm32f4xx_it.o
 .ARM.attributes
                0x0000000000000392       0x34 ./Core/Src/syscalls.o
 .ARM.attributes
                0x00000000000003c6       0x34 ./Core/Src/sysmem.o
 .ARM.attributes
                0x00000000000003fa       0x34 ./Core/Src/system_stm32f4xx.o
 .ARM.attributes
                0x000000000000042e       0x34 ./Core/Src/tim.o
 .ARM.attributes
                0x0000000000000462       0x34 ./Core/Src/touch.o
 .ARM.attributes
                0x0000000000000496       0x21 ./Core/Startup/startup_stm32f407zetx.o
 .ARM.attributes
                0x00000000000004b7       0x34 ./Drivers/STM32F4xx_HAL_Driver/Src/stm32f4xx_hal.o
 .ARM.attributes
                0x00000000000004eb       0x34 ./Drivers/STM32F4xx_HAL_Driver/Src/stm32f4xx_hal_adc.o
 .ARM.attributes
                0x000000000000051f       0x34 ./Drivers/STM32F4xx_HAL_Driver/Src/stm32f4xx_hal_cortex.o
 .ARM.attributes
                0x0000000000000553       0x34 ./Drivers/STM32F4xx_HAL_Driver/Src/stm32f4xx_hal_dma.o
 .ARM.attributes
                0x0000000000000587       0x34 ./Drivers/STM32F4xx_HAL_Driver/Src/stm32f4xx_hal_gpio.o
 .ARM.attributes
                0x00000000000005bb       0x34 ./Drivers/STM32F4xx_HAL_Driver/Src/stm32f4xx_hal_i2c.o
 .ARM.attributes
                0x00000000000005ef       0x34 ./Drivers/STM32F4xx_HAL_Driver/Src/stm32f4xx_hal_rcc.o
 .ARM.attributes
                0x0000000000000623       0x34 ./Drivers/STM32F4xx_HAL_Driver/Src/stm32f4xx_hal_spi.o
 .ARM.attributes
                0x0000000000000657       0x34 ./Drivers/STM32F4xx_HAL_Driver/Src/stm32f4xx_hal_sram.o
 .ARM.attributes
                0x000000000000068b       0x34 ./Drivers/STM32F4xx_HAL_Driver/Src/stm32f4xx_hal_tim.o
 .ARM.attributes
                0x00000000000006bf       0x34 ./Drivers/STM32F4xx_HAL_Driver/Src/stm32f4xx_hal_tim_ex.o
 .ARM.attributes
                0x00000000000006f3       0x34 ./Drivers/STM32F4xx_HAL_Driver/Src/stm32f4xx_ll_fsmc.o
 .ARM.attributes
                0x0000000000000727       0x34 c:/st/stm32cubeide_1.7.0/stm32cubeide/plugins/com.st.stm32cube.ide.mcu.externaltools.gnu-tools-for-stm32.9-2020-q2-update.win32_2.0.0.202105311346/tools/bin/../lib/gcc/arm-none-eabi/9.3.1/../../../../arm-none-eabi/lib/thumb/v7e-m+fp/hard\libc_nano.a(lib_a-errno.o)
 .ARM.attributes
                0x000000000000075b       0x32 c:/st/stm32cubeide_1.7.0/stm32cubeide/plugins/com.st.stm32cube.ide.mcu.externaltools.gnu-tools-for-stm32.9-2020-q2-update.win32_2.0.0.202105311346/tools/bin/../lib/gcc/arm-none-eabi/9.3.1/../../../../arm-none-eabi/lib/thumb/v7e-m+fp/hard\libc_nano.a(lib_a-impure.o)
 .ARM.attributes
                0x000000000000078d       0x34 c:/st/stm32cubeide_1.7.0/stm32cubeide/plugins/com.st.stm32cube.ide.mcu.externaltools.gnu-tools-for-stm32.9-2020-q2-update.win32_2.0.0.202105311346/tools/bin/../lib/gcc/arm-none-eabi/9.3.1/../../../../arm-none-eabi/lib/thumb/v7e-m+fp/hard\libc_nano.a(lib_a-init.o)
 .ARM.attributes
                0x00000000000007c1       0x34 c:/st/stm32cubeide_1.7.0/stm32cubeide/plugins/com.st.stm32cube.ide.mcu.externaltools.gnu-tools-for-stm32.9-2020-q2-update.win32_2.0.0.202105311346/tools/bin/../lib/gcc/arm-none-eabi/9.3.1/../../../../arm-none-eabi/lib/thumb/v7e-m+fp/hard\libc_nano.a(lib_a-memset.o)
 .ARM.attributes
                0x00000000000007f5       0x34 c:/st/stm32cubeide_1.7.0/stm32cubeide/plugins/com.st.stm32cube.ide.mcu.externaltools.gnu-tools-for-stm32.9-2020-q2-update.win32_2.0.0.202105311346/tools/bin/../lib/gcc/arm-none-eabi/9.3.1/../../../../arm-none-eabi/lib/thumb/v7e-m+fp/hard\libc_nano.a(lib_a-rand.o)
 .ARM.attributes
                0x0000000000000829       0x34 c:/st/stm32cubeide_1.7.0/stm32cubeide/plugins/com.st.stm32cube.ide.mcu.externaltools.gnu-tools-for-stm32.9-2020-q2-update.win32_2.0.0.202105311346/tools/bin/../lib/gcc/arm-none-eabi/9.3.1/../../../../arm-none-eabi/lib/thumb/v7e-m+fp/hard\libc_nano.a(lib_a-assert.o)
 .ARM.attributes
                0x000000000000085d       0x34 c:/st/stm32cubeide_1.7.0/stm32cubeide/plugins/com.st.stm32cube.ide.mcu.externaltools.gnu-tools-for-stm32.9-2020-q2-update.win32_2.0.0.202105311346/tools/bin/../lib/gcc/arm-none-eabi/9.3.1/../../../../arm-none-eabi/lib/thumb/v7e-m+fp/hard\libc_nano.a(lib_a-fprintf.o)
 .ARM.attributes
                0x0000000000000891       0x34 c:/st/stm32cubeide_1.7.0/stm32cubeide/plugins/com.st.stm32cube.ide.mcu.externaltools.gnu-tools-for-stm32.9-2020-q2-update.win32_2.0.0.202105311346/tools/bin/../lib/gcc/arm-none-eabi/9.3.1/../../../../arm-none-eabi/lib/thumb/v7e-m+fp/hard\libc_nano.a(lib_a-malloc.o)
 .ARM.attributes
                0x00000000000008c5       0x34 c:/st/stm32cubeide_1.7.0/stm32cubeide/plugins/com.st.stm32cube.ide.mcu.externaltools.gnu-tools-for-stm32.9-2020-q2-update.win32_2.0.0.202105311346/tools/bin/../lib/gcc/arm-none-eabi/9.3.1/../../../../arm-none-eabi/lib/thumb/v7e-m+fp/hard\libc_nano.a(lib_a-nano-freer.o)
 .ARM.attributes
                0x00000000000008f9       0x34 c:/st/stm32cubeide_1.7.0/stm32cubeide/plugins/com.st.stm32cube.ide.mcu.externaltools.gnu-tools-for-stm32.9-2020-q2-update.win32_2.0.0.202105311346/tools/bin/../lib/gcc/arm-none-eabi/9.3.1/../../../../arm-none-eabi/lib/thumb/v7e-m+fp/hard\libc_nano.a(lib_a-nano-mallocr.o)
 .ARM.attributes